Component: ARM Compiler 5.06 update 7 (build 960) Tool: armlink [4d3601]

==============================================================================

Section Cross References

    startup_stm32f103xe.o(STACK) refers (Special) to heapauxi.o(.text) for __use_two_region_memory
    startup_stm32f103xe.o(HEAP) refers (Special) to heapauxi.o(.text) for __use_two_region_memory
    startup_stm32f103xe.o(RESET) refers (Special) to heapauxi.o(.text) for __use_two_region_memory
    startup_stm32f103xe.o(RESET) refers to startup_stm32f103xe.o(STACK) for __initial_sp
    startup_stm32f103xe.o(RESET) refers to startup_stm32f103xe.o(.text) for Reset_Handler
    startup_stm32f103xe.o(RESET) refers to stm32f1xx_it.o(i.NMI_Handler) for NMI_Handler
    startup_stm32f103xe.o(RESET) refers to stm32f1xx_it.o(i.HardFault_Handler) for HardFault_Handler
    startup_stm32f103xe.o(RESET) refers to stm32f1xx_it.o(i.MemManage_Handler) for MemManage_Handler
    startup_stm32f103xe.o(RESET) refers to stm32f1xx_it.o(i.BusFault_Handler) for BusFault_Handler
    startup_stm32f103xe.o(RESET) refers to stm32f1xx_it.o(i.UsageFault_Handler) for UsageFault_Handler
    startup_stm32f103xe.o(RESET) refers to port.o(.emb_text) for SVC_Handler
    startup_stm32f103xe.o(RESET) refers to stm32f1xx_it.o(i.DebugMon_Handler) for DebugMon_Handler
    startup_stm32f103xe.o(RESET) refers to port.o(i.SysTick_Handler) for SysTick_Handler
    startup_stm32f103xe.o(RESET) refers to stm32f1xx_it.o(i.TIM1_UP_IRQHandler) for TIM1_UP_IRQHandler
    startup_stm32f103xe.o(RESET) refers to stm32f1xx_it.o(i.TIM2_IRQHandler) for TIM2_IRQHandler
    startup_stm32f103xe.o(RESET) refers to stm32f1xx_it.o(i.USART1_IRQHandler) for USART1_IRQHandler
    startup_stm32f103xe.o(RESET) refers to stm32f1xx_it.o(i.USART2_IRQHandler) for USART2_IRQHandler
    startup_stm32f103xe.o(RESET) refers to stm32f1xx_it.o(i.USART3_IRQHandler) for USART3_IRQHandler
    startup_stm32f103xe.o(.text) refers (Special) to heapauxi.o(.text) for __use_two_region_memory
    startup_stm32f103xe.o(.text) refers to system_stm32f1xx.o(i.SystemInit) for SystemInit
    startup_stm32f103xe.o(.text) refers to __main.o(!!!main) for __main
    startup_stm32f103xe.o(.text) refers to startup_stm32f103xe.o(HEAP) for Heap_Mem
    startup_stm32f103xe.o(.text) refers to startup_stm32f103xe.o(STACK) for Stack_Mem
    blemsg.o(i.ble_clear_data) refers to cjson.o(i.cJSON_Delete) for cJSON_Delete
    blemsg.o(i.ble_clear_data) refers to cjson.o(i.cJSON_free) for cJSON_free
    blemsg.o(i.ble_clear_data) refers to blemsg.o(.data) for .data
    blemsg.o(i.ble_parse_json) refers to cjson.o(i.cJSON_Parse) for cJSON_Parse
    blemsg.o(i.ble_parse_json) refers to cjson.o(i.cJSON_GetObjectItem) for cJSON_GetObjectItem
    blemsg.o(i.ble_parse_json) refers to dflt_clz.o(x$fpl$dflt) for __aeabi_i2d
    blemsg.o(i.ble_parse_json) refers to blemsg.o(.data) for .data
    blemsg.o(i.ble_to_json) refers to blemsg.o(i.ble_clear_data) for ble_clear_data
    blemsg.o(i.ble_to_json) refers to cjson.o(i.cJSON_CreateObject) for cJSON_CreateObject
    blemsg.o(i.ble_to_json) refers to cjson.o(i.cJSON_AddStringToObject) for cJSON_AddStringToObject
    blemsg.o(i.ble_to_json) refers to cjson.o(i.cJSON_AddNumberToObject) for cJSON_AddNumberToObject
    blemsg.o(i.ble_to_json) refers to cjson.o(i.cJSON_PrintUnformatted) for cJSON_PrintUnformatted
    blemsg.o(i.ble_to_json) refers to cjson.o(i.cJSON_Delete) for cJSON_Delete
    blemsg.o(i.ble_to_json) refers to blemsg.o(.data) for .data
    bletest.o(i.ble_CommandToEnum) refers to bletest.o(i.mystrlwr) for mystrlwr
    bletest.o(i.ble_CommandToEnum) refers to strcmpv7m.o(.text) for strcmp
    bletest.o(i.bletest_json_parsing_err) refers to _printf_percent.o(.ARM.Collect$$_printf_percent$$00000000) for _printf_percent
    bletest.o(i.bletest_json_parsing_err) refers to _printf_s.o(.ARM.Collect$$_printf_percent$$00000014) for _printf_s
    bletest.o(i.bletest_json_parsing_err) refers to _printf_str.o(.text) for _printf_str
    bletest.o(i.bletest_json_parsing_err) refers to rt_memcpy_w.o(.text) for __aeabi_memcpy4
    bletest.o(i.bletest_json_parsing_err) refers to blemsg.o(i.ble_to_json) for ble_to_json
    bletest.o(i.bletest_json_parsing_err) refers to __2printf.o(.text) for __2printf
    bletest.o(i.bletest_json_parsing_err) refers to bletest.o(.constdata) for .constdata
    bletest.o(i.bletest_json_parsing_err) refers to pb02.o(.data) for huart_switch
    bletest.o(i.bletest_led_off) refers to _printf_percent.o(.ARM.Collect$$_printf_percent$$00000000) for _printf_percent
    bletest.o(i.bletest_led_off) refers to _printf_s.o(.ARM.Collect$$_printf_percent$$00000014) for _printf_s
    bletest.o(i.bletest_led_off) refers to _printf_str.o(.text) for _printf_str
    bletest.o(i.bletest_led_off) refers to rt_memcpy_w.o(.text) for __aeabi_memcpy4
    bletest.o(i.bletest_led_off) refers to stm32f1xx_hal_gpio.o(i.HAL_GPIO_WritePin) for HAL_GPIO_WritePin
[...]
    xNextTaskUnblockTime                     0x20000078   Data           4  tasks.o(.data)
    xIdleTaskHandle                          0x2000007c   Data           4  tasks.o(.data)
    uxSchedulerSuspended                     0x20000080   Data           4  tasks.o(.data)
    .data                                    0x20000084   Section       24  heap_4.o(.data)
    pxEnd                                    0x20000084   Data           4  heap_4.o(.data)
    xFreeBytesRemaining                      0x20000088   Data           4  heap_4.o(.data)
    xMinimumEverFreeBytesRemaining           0x2000008c   Data           4  heap_4.o(.data)
    xBlockAllocatedBit                       0x20000090   Data           4  heap_4.o(.data)
    xStart                                   0x20000094   Data           8  heap_4.o(.data)
    .data                                    0x2000009c   Section       12  port.o(.data)
    ucMaxSysCallPriority                     0x2000009c   Data           1  port.o(.data)
    uxCriticalNesting                        0x200000a0   Data           4  port.o(.data)
    ulMaxPRIGROUPValue                       0x200000a4   Data           4  port.o(.data)
    .data                                    0x200000a8   Section        4  stdio_streams.o(.data)
    .data                                    0x200000ac   Section        4  stdio_streams.o(.data)
    .data                                    0x200000b0   Section        4  stdio_streams.o(.data)
    .bss                                     0x200000b4   Section     1032  pb02.o(.bss)
    .bss                                     0x200004bc   Section     8296  master.o(.bss)
    .bss                                     0x20002524   Section      604  freertos.o(.bss)
    xIdleTaskTCBBuffer                       0x20002524   Data          92  freertos.o(.bss)
    xIdleStack                               0x20002580   Data         512  freertos.o(.bss)
    .bss                                     0x20002780   Section      144  tim.o(.bss)
    .bss                                     0x20002810   Section      204  usart.o(.bss)
    .bss                                     0x200028dc   Section       72  stm32f1xx_hal_timebase_tim.o(.bss)
    .bss                                     0x20002924   Section      240  tasks.o(.bss)
    pxReadyTasksLists                        0x20002924   Data         140  tasks.o(.bss)
    xDelayedTaskList1                        0x200029b0   Data          20  tasks.o(.bss)
    xDelayedTaskList2                        0x200029c4   Data          20  tasks.o(.bss)
    xPendingReadyList                        0x200029d8   Data          20  tasks.o(.bss)
    xTasksWaitingTermination                 0x200029ec   Data          20  tasks.o(.bss)
    xSuspendedTaskList                       0x20002a00   Data          20  tasks.o(.bss)
    .bss                                     0x20002a14   Section     4072  heap_4.o(.bss)
    ucHeap                                   0x20002a14   Data        4072  heap_4.o(.bss)
    .bss                                     0x200039fc   Section       84  stdio_streams.o(.bss)
    .bss                                     0x20003a50   Section       84  stdio_streams.o(.bss)
    .bss                                     0x20003aa4   Section       84  stdio_streams.o(.bss)
    .bss                                     0x20003af8   Section       96  libspace.o(.bss)
    HEAP                                     0x20003b58   Section      512  startup_stm32f103xe.o(HEAP)
    Heap_Mem                                 0x20003b58   Data         512  startup_stm32f103xe.o(HEAP)
    STACK                                    0x20003d58   Section     1024  startup_stm32f103xe.o(STACK)
    Stack_Mem                                0x20003d58   Data        1024  startup_stm32f103xe.o(STACK)
    __initial_sp                             0x20004158   Data           0  startup_stm32f103xe.o(STACK)

    Global Symbols

    Symbol Name                              Value     Ov Type        Size  Object(Section)

    BuildAttributes$$THM_ISAv4$P$D$K$B$S$PE$A:L22UL41UL21$X:L11$S22US41US21$IEEE1$IW$USESV6$~STKCKD$USESV7$~SHL$OTIME$ROPI$IEEEX$EBA8$UX$STANDARDLIB$REQ8$PRES8$EABIv2 0x00000000   Number         0  anon$$obj.o ABSOLUTE
    __ARM_use_no_argv                        0x00000000   Number         0  main.o ABSOLUTE
    _printf_flags                            0x00000000   Number         0  printf_stubs.o ABSOLUTE
    _printf_return_value                     0x00000000   Number         0  printf_stubs.o ABSOLUTE
    _printf_sizespec                         0x00000000   Number         0  printf_stubs.o ABSOLUTE
    _printf_widthprec                        0x00000000   Number         0  printf_stubs.o ABSOLUTE
    __ARM_exceptions_init                     - Undefined Weak Reference
    __alloca_initialize                       - Undefined Weak Reference
    __arm_fini_                               - Undefined Weak Reference
    __arm_preinit_                            - Undefined Weak Reference
    __cpp_initialize__aeabi_                  - Undefined Weak Reference
    __cxa_finalize                            - Undefined Weak Reference
    __sigvec_lookup                           - Undefined Weak Reference
    __user_heap_extent                        - Undefined Weak Reference
    _atexit_init                              - Undefined Weak Reference
    _call_atexit_fns                          - Undefined Weak Reference
    _clock_init                               - Undefined Weak Reference
    _fp_trap_init                             - Undefined Weak Reference
    _fp_trap_shutdown                         - Undefined Weak Reference
    _get_lc_collate                           - Undefined Weak Reference
    _get_lc_monetary                          - Undefined Weak Reference
    _get_lc_time                              - Undefined Weak Reference
    _getenv_init                              - Undefined Weak Reference
    _handle_redirection                       - Undefined Weak Reference
    _mutex_acquire                            - Undefined Weak Reference
    _mutex_free                               - Undefined Weak Reference
    _mutex_release                            - Undefined Weak Reference
    _printf_mbtowc                            - Undefined Weak Reference
    _printf_wc                                - Undefined Weak Reference
    _rand_init                                - Undefined Weak Reference
    _scanf_int                                - Undefined Weak Reference
    _scanf_longlong                           - Undefined Weak Reference
    _scanf_mbtowc                             - Undefined Weak Reference
    _scanf_string                             - Undefined Weak Reference
    _scanf_wctomb                             - Undefined Weak Reference
    _scanf_wstring                            - Undefined Weak Reference
    _signal_finish                            - Undefined Weak Reference
    _signal_init                              - Undefined Weak Reference
    __Vectors_Size                           0x00000130   Number         0  startup_stm32f103xe.o ABSOLUTE
    __Vectors                                0x08000000   Data           4  startup_stm32f103xe.o(RESET)
    __Vectors_End                            0x08000130   Data           0  startup_stm32f103xe.o(RESET)
    __main                                   0x08000131   Thumb Code     8  __main.o(!!!main)
    __scatterload                            0x08000139   Thumb Code     0  __scatter.o(!!!scatter)
    __scatterload_rt2                        0x08000139   Thumb Code    44  __scatter.o(!!!scatter)
    __scatterload_rt2_thumb_only             0x08000139   Thumb Code     0  __scatter.o(!!!scatter)
    __scatterload_null                       0x08000147   Thumb Code     0  __scatter.o(!!!scatter)
    __scatterload_copy                       0x0800016d   Thumb Code    26  __scatter_copy.o(!!handler_copy)
    __scatterload_zeroinit                   0x08000189   Thumb Code    28  __scatter_zi.o(!!handler_zi)
    _printf_d                                0x080001a5   Thumb Code     0  _printf_d.o(.ARM.Collect$$_printf_percent$$00000009)
    _printf_percent                          0x080001a5   Thumb Code     0  _printf_percent.o(.ARM.Collect$$_printf_percent$$00000000)
    _printf_x                                0x080001ab   Thumb Code     0  _printf_x.o(.ARM.Collect$$_printf_percent$$0000000C)
    _printf_c                                0x080001b1   Thumb Code     0  _printf_c.o(.ARM.Collect$$_printf_percent$$00000013)
    _printf_percent_end                      0x080001b7   Thumb Code     0  _printf_percent_end.o(.ARM.Collect$$_printf_percent$$00000017)
    __rt_lib_init                            0x080001bb   Thumb Code     0  libinit.o(.ARM.Collect$$libinit$$00000000)
    __rt_lib_init_fp_1                       0x080001bd   Thumb Code     0  libinit2.o(.ARM.Collect$$libinit$$00000002)
    __rt_lib_init_heap_2                     0x080001bd   Thumb Code     0  libinit2.o(.ARM.Collect$$libinit$$00000005)
    __rt_lib_init_preinit_1                  0x080001bd   Thumb Code     0  libinit2.o(.ARM.Collect$$libinit$$00000004)
    __rt_lib_init_atexit_1                   0x080001c5   Thumb Code     0  libinit2.o(.ARM.Collect$$libinit$$0000001B)
    __rt_lib_init_clock_1                    0x080001c5   Thumb Code     0  libinit2.o(.ARM.Collect$$libinit$$00000021)
    __rt_lib_init_fp_trap_1                  0x080001c5   Thumb Code     0  libinit2.o(.ARM.Collect$$libinit$$0000001F)
    __rt_lib_init_getenv_1                   0x080001c5   Thumb Code     0  libinit2.o(.ARM.Collect$$libinit$$00000023)
    __rt_lib_init_heap_1                     0x080001c5   Thumb Code     0  libinit2.o(.ARM.Collect$$libinit$$0000000A)
    __rt_lib_init_lc_collate_1               0x080001c5   Thumb Code     0  libinit2.o(.ARM.Collect$$libinit$$00000011)
    __rt_lib_init_lc_ctype_1                 0x080001c5   Thumb Code     0  libinit2.o(.ARM.Collect$$libinit$$00000013)
    __rt_lib_init_lc_monetary_1              0x080001c5   Thumb Code     0  libinit2.o(.ARM.Collect$$libinit$$00000015)
    __rt_lib_init_lc_numeric_1               0x080001c5   Thumb Code     0  libinit2.o(.ARM.Collect$$libinit$$00000017)
    __rt_lib_init_lc_time_1                  0x080001c5   Thumb Code     0  libinit2.o(.ARM.Collect$$libinit$$00000019)
    __rt_lib_init_rand_1                     0x080001c5   Thumb Code     0  libinit2.o(.ARM.Collect$$libinit$$0000000E)
    __rt_lib_init_signal_1                   0x080001c5   Thumb Code     0  libinit2.o(.ARM.Collect$$libinit$$0000001D)
    __rt_lib_init_stdio_2                    0x080001c5   Thumb Code     0  libinit2.o(.ARM.Collect$$libinit$$00000024)
    __rt_lib_init_user_alloc_1               0x080001c5   Thumb Code     0  libinit2.o(.ARM.Collect$$libinit$$0000000C)
    __rt_lib_init_alloca_1                   0x080001c9   Thumb Code     0  libinit2.o(.ARM.Collect$$libinit$$0000002E)
    __rt_lib_init_argv_1                     0x080001c9   Thumb Code     0  libinit2.o(.ARM.Collect$$libinit$$0000002C)
    __rt_lib_init_cpp_1                      0x080001c9   Thumb Code     0  libinit2.o(.ARM.Collect$$libinit$$00000032)
    __rt_lib_init_exceptions_1               0x080001c9   Thumb Code     0  libinit2.o(.ARM.Collect$$libinit$$00000030)
    __rt_lib_init_return                     0x080001c9   Thumb Code     0  libinit2.o(.ARM.Collect$$libinit$$00000033)
    __rt_lib_init_stdio_1                    0x080001c9   Thumb Code     0  libinit2.o(.ARM.Collect$$libinit$$00000025)
    __rt_lib_shutdown                        0x080001cb   Thumb Code     0  libshutdown.o(.ARM.Collect$$libshutdown$$00000000)
    __rt_lib_shutdown_cpp_1                  0x080001cd   Thumb Code     0  libshutdown2.o(.ARM.Collect$$libshutdown$$00000004)
    __rt_lib_shutdown_fini_1                 0x080001cd   Thumb Code     0  libshutdown2.o(.ARM.Collect$$libshutdown$$00000002)
    __rt_lib_shutdown_stdio_2                0x080001cd   Thumb Code     0  libshutdown2.o(.ARM.Collect$$libshutdown$$00000005)
    __rt_lib_shutdown_fp_trap_1              0x080001d1   Thumb Code     0  libshutdown2.o(.ARM.Collect$$libshutdown$$00000009)
    __rt_lib_shutdown_heap_1                 0x080001d1   Thumb Code     0  libshutdown2.o(.ARM.Collect$$libshutdown$$00000011)
    __rt_lib_shutdown_return                 0x080001d1   Thumb Code     0  libshutdown2.o(.ARM.Collect$$libshutdown$$00000012)
    __rt_lib_shutdown_signal_1               0x080001d1   Thumb Code     0  libshutdown2.o(.ARM.Collect$$libshutdown$$0000000C)
    __rt_lib_shutdown_stdio_1                0x080001d1   Thumb Code     0  libshutdown2.o(.ARM.Collect$$libshutdown$$00000006)
    __rt_lib_shutdown_user_alloc_1           0x080001d1   Thumb Code     0  libshutdown2.o(.ARM.Collect$$libshutdown$$0000000E)
    __rt_entry                               0x080001d3   Thumb Code     0  __rtentry.o(.ARM.Collect$$rtentry$$00000000)
    __rt_entry_presh_1                       0x080001d3   Thumb Code     0  __rtentry2.o(.ARM.Collect$$rtentry$$00000002)
    __rt_entry_sh                            0x080001d3   Thumb Code     0  __rtentry4.o(.ARM.Collect$$rtentry$$00000004)
    __rt_entry_li                            0x080001d9   Thumb Code     0  __rtentry2.o(.ARM.Collect$$rtentry$$0000000A)
    __rt_entry_postsh_1                      0x080001d9   Thumb Code     0  __rtentry2.o(.ARM.Collect$$rtentry$$00000009)
    __rt_entry_main                          0x080001dd   Thumb Code     0  __rtentry2.o(.ARM.Collect$$rtentry$$0000000D)
    __rt_entry_postli_1                      0x080001dd   Thumb Code     0  __rtentry2.o(.ARM.Collect$$rtentry$$0000000C)
    __rt_exit                                0x080001e5   Thumb Code     0  rtexit.o(.ARM.Collect$$rtexit$$00000000)
    __rt_exit_ls                             0x080001e7   Thumb Code     0  rtexit2.o(.ARM.Collect$$rtexit$$00000003)
    __rt_exit_prels_1                        0x080001e7   Thumb Code     0  rtexit2.o(.ARM.Collect$$rtexit$$00000002)
    __rt_exit_exit                           0x080001eb   Thumb Code     0  rtexit2.o(.ARM.Collect$$rtexit$$00000004)
    SVC_Handler                              0x080001f1   Thumb Code    32  port.o(.emb_text)
    __asm___6_port_c_39a90d8d__prvStartFirstTask 0x08000215   Thumb Code    28  port.o(.emb_text)
    PendSV_Handler                           0x08000235   Thumb Code    72  port.o(.emb_text)
    vPortGetIPSR                             0x08000281   Thumb Code     6  port.o(.emb_text)
    Reset_Handler                            0x08000289   Thumb Code     8  startup_stm32f103xe.o(.text)
    _maybe_terminate_alloc                   0x08000289   Thumb Code     0  maybetermalloc1.o(.emb_text)
    ADC1_2_IRQHandler                        0x080002a3   Thumb Code     0  startup_stm32f103xe.o(.text)
    ADC3_IRQHandler                          0x080002a3   Thumb Code     0  startup_stm32f103xe.o(.text)
    CAN1_RX1_IRQHandler                      0x080002a3   Thumb Code     0  startup_stm32f103xe.o(.text)
    CAN1_SCE_IRQHandler                      0x080002a3   Thumb Code     0  startup_stm32f103xe.o(.text)
    DMA1_Channel1_IRQHandler                 0x080002a3   Thumb Code     0  startup_stm32f103xe.o(.text)
    DMA1_Channel2_IRQHandler                 0x080002a3   Thumb Code     0  startup_stm32f103xe.o(.text)
    DMA1_Channel3_IRQHandler                 0x080002a3   Thumb Code     0  startup_stm32f103xe.o(.text)
    DMA1_Channel4_IRQHandler                 0x080002a3   Thumb Code     0  startup_stm32f103xe.o(.text)
    DMA1_Channel5_IRQHandler                 0x080002a3   Thumb Code     0  startup_stm32f103xe.o(.text)
    DMA1_Channel6_IRQHandler                 0x080002a3   Thumb Code     0  startup_stm32f103xe.o(.text)
    DMA1_Channel7_IRQHandler                 0x080002a3   Thumb Code     0  startup_stm32f103xe.o(.text)
    DMA2_Channel1_IRQHandler                 0x080002a3   Thumb Code     0  startup_stm32f103xe.o(.text)
    DMA2_Channel2_IRQHandler                 0x080002a3   Thumb Code     0  startup_stm32f103xe.o(.text)
    DMA2_Channel3_IRQHandler                 0x080002a3   Thumb Code     0  startup_stm32f103xe.o(.text)
    DMA2_Channel4_5_IRQHandler               0x080002a3   Thumb Code     0  startup_stm32f103xe.o(.text)
    EXTI0_IRQHandler                         0x080002a3   Thumb Code     0  startup_stm32f103xe.o(.text)
    EXTI15_10_IRQHandler                     0x080002a3   Thumb Code     0  startup_stm32f103xe.o(.text)
    EXTI1_IRQHandler                         0x080002a3   Thumb Code     0  startup_stm32f103xe.o(.text)
    EXTI2_IRQHandler                         0x080002a3   Thumb Code     0  startup_stm32f103xe.o(.text)
    EXTI3_IRQHandler                         0x080002a3   Thumb Code     0  startup_stm32f103xe.o(.text)
    EXTI4_IRQHandler                         0x080002a3   Thumb Code     0  startup_stm32f103xe.o(.text)
    EXTI9_5_IRQHandler                       0x080002a3   Thumb Code     0  startup_stm32f103xe.o(.text)
    FLASH_IRQHandler                         0x080002a3   Thumb Code     0  startup_stm32f103xe.o(.text)
    FSMC_IRQHandler                          0x080002a3   Thumb Code     0  startup_stm32f103xe.o(.text)
    I2C1_ER_IRQHandler                       0x080002a3   Thumb Code     0  startup_stm32f103xe.o(.text)
    I2C1_EV_IRQHandler                       0x080002a3   Thumb Code     0  startup_stm32f103xe.o(.text)
    I2C2_ER_IRQHandler                       0x080002a3   Thumb Code     0  startup_stm32f103xe.o(.text)
    I2C2_EV_IRQHandler                       0x080002a3   Thumb Code     0  startup_stm32f103xe.o(.text)
    PVD_IRQHandler                           0x080002a3   Thumb Code     0  startup_stm32f103xe.o(.text)
    RCC_IRQHandler                           0x080002a3   Thumb Code     0  startup_stm32f103xe.o(.text)
    RTC_Alarm_IRQHandler                     0x080002a3   Thumb Code     0  startup_stm32f103xe.o(.text)
    RTC_IRQHandler                           0x080002a3   Thumb Code     0  startup_stm32f103xe.o(.text)
    SDIO_IRQHandler                          0x080002a3   Thumb Code     0  startup_stm32f103xe.o(.text)
    SPI1_IRQHandler                          0x080002a3   Thumb Code     0  startup_stm32f103xe.o(.text)
    SPI2_IRQHandler                          0x080002a3   Thumb Code     0  startup_stm32f103xe.o(.text)
    SPI3_IRQHandler                          0x080002a3   Thumb Code     0  startup_stm32f103xe.o(.text)
    TAMPER_IRQHandler                        0x080002a3   Thumb Code     0  startup_stm32f103xe.o(.text)
    TIM1_BRK_IRQHandler                      0x080002a3   Thumb Code     0  startup_stm32f103xe.o(.text)
    TIM1_CC_IRQHandler                       0x080002a3   Thumb Code     0  startup_stm32f103xe.o(.text)
    TIM1_TRG_COM_IRQHandler                  0x080002a3   Thumb Code     0  startup_stm32f103xe.o(.text)
    TIM3_IRQHandler                          0x080002a3   Thumb Code     0  startup_stm32f103xe.o(.text)
    TIM4_IRQHandler                          0x080002a3   Thumb Code     0  startup_stm32f103xe.o(.text)
    TIM5_IRQHandler                          0x080002a3   Thumb Code     0  startup_stm32f103xe.o(.text)
    TIM6_IRQHandler                          0x080002a3   Thumb Code     0  startup_stm32f103xe.o(.text)
    TIM7_IRQHandler                          0x080002a3   Thumb Code     0  startup_stm32f103xe.o(.text)
    TIM8_BRK_IRQHandler                      0x080002a3   Thumb Code     0  startup_stm32f103xe.o(.text)
    TIM8_CC_IRQHandler                       0x080002a3   Thumb Code     0  startup_stm32f103xe.o(.text)
    TIM8_TRG_COM_IRQHandler                  0x080002a3   Thumb Code     0  startup_stm32f103xe.o(.text)
    TIM8_UP_IRQHandler                       0x080002a3   Thumb Code     0  startup_stm32f103xe.o(.text)
    UART4_IRQHandler                         0x080002a3   Thumb Code     0  startup_stm32f103xe.o(.text)
    UART5_IRQHandler                         0x080002a3   Thumb Code     0  startup_stm32f103xe.o(.text)
    USBWakeUp_IRQHandler                     0x080002a3   Thumb Code     0  startup_stm32f103xe.o(.text)
    USB_HP_CAN1_TX_IRQHandler                0x080002a3   Thumb Code     0  startup_stm32f103xe.o(.text)
    USB_LP_CAN1_RX0_IRQHandler               0x080002a3   Thumb Code     0  startup_stm32f103xe.o(.text)
    WWDG_IRQHandler                          0x080002a3   Thumb Code     0  startup_stm32f103xe.o(.text)
    __user_initial_stackheap                 0x080002a5   Thumb Code     0  startup_stm32f103xe.o(.text)
    malloc                                   0x080002c9   Thumb Code    94  h1_alloc.o(.text)
    free                                     0x08000327   Thumb Code    78  h1_free.o(.text)
    __2printf                                0x08000375   Thumb Code    20  __2printf.o(.text)
    _printf_str                              0x0800038d   Thumb Code    82  _printf_str.o(.text)
    _printf_int_dec                          0x080003e1   Thumb Code   104  _printf_dec.o(.text)
    _printf_longlong_hex                     0x08000459   Thumb Code    86  _printf_hex_int_ll_ptr.o(.text)
    _printf_int_hex                          0x080004af   Thumb Code    28  _printf_hex_int_ll_ptr.o(.text)
    _printf_ll_hex                           0x080004cb   Thumb Code    12  _printf_hex_int_ll_ptr.o(.text)
    _printf_hex_ptr                          0x080004d7   Thumb Code    18  _printf_hex_int_ll_ptr.o(.text)
    __printf                                 0x080004ed   Thumb Code   388  __printf_flags_ss_wp.o(.text)
    strlen                                   0x08000675   Thumb Code    62  strlen.o(.text)
    __aeabi_memcpy                           0x080006b3   Thumb Code     0  rt_memcpy_v6.o(.text)
    __rt_memcpy                              0x080006b3   Thumb Code   138  rt_memcpy_v6.o(.text)
    _memcpy_lastbytes                        0x08000719   Thumb Code     0  rt_memcpy_v6.o(.text)
    __aeabi_memcpy4                          0x0800073d   Thumb Code     0  rt_memcpy_w.o(.text)
    __aeabi_memcpy8                          0x0800073d   Thumb Code     0  rt_memcpy_w.o(.text)
    __rt_memcpy_w                            0x0800073d   Thumb Code   100  rt_memcpy_w.o(.text)
    _memcpy_lastbytes_aligned                0x08000785   Thumb Code     0  rt_memcpy_w.o(.text)
    __aeabi_memclr4                          0x080007a1   Thumb Code     0  rt_memclr_w.o(.text)
    __aeabi_memclr8                          0x080007a1   Thumb Code     0  rt_memclr_w.o(.text)
    __rt_memclr_w                            0x080007a1   Thumb Code    78  rt_memclr_w.o(.text)
    _memset_w                                0x080007a5   Thumb Code     0  rt_memclr_w.o(.text)
    __use_two_region_memory                  0x080007ef   Thumb Code     2  heapauxi.o(.text)
    __rt_heap_escrow                         0x080007f1   Thumb Code     2  heapauxi.o(.text)
    __rt_heap_expand                         0x080007f3   Thumb Code     2  heapauxi.o(.text)
    __rt_heap_descriptor                     0x080007f5   Thumb Code     8  rt_heap_descriptor_intlibspace.o(.text)
    __use_no_heap                            0x080007fd   Thumb Code     2  hguard.o(.text)
    __heap$guard                             0x080007ff   Thumb Code     2  hguard.o(.text)
    _terminate_user_alloc                    0x08000801   Thumb Code     2  init_alloc.o(.text)
    _init_user_alloc                         0x08000803   Thumb Code     2  init_alloc.o(.text)
    __Heap_Full                              0x08000805   Thumb Code    34  init_alloc.o(.text)
    __Heap_Broken                            0x08000827   Thumb Code     6  init_alloc.o(.text)
    _init_alloc                              0x0800082d   Thumb Code    94  init_alloc.o(.text)
    __Heap_Initialize                        0x0800088b   Thumb Code    10  h1_init.o(.text)
    __Heap_DescSize                          0x08000895   Thumb Code     4  h1_init.o(.text)
    _printf_int_common                       0x08000899   Thumb Code   178  _printf_intcommon.o(.text)
    _printf_char_common                      0x08000957   Thumb Code    32  _printf_char_common.o(.text)
    _printf_cs_common                        0x0800097d   Thumb Code    20  _printf_char.o(.text)
    _printf_char                             0x08000991   Thumb Code    16  _printf_char.o(.text)
    _printf_string                           0x080009a1   Thumb Code     8  _printf_char.o(.text)
    _printf_char_file                        0x080009a9   Thumb Code    32  _printf_char_file.o(.text)
    __user_libspace                          0x080009cd   Thumb Code     8  libspace.o(.text)
    __user_perproc_libspace                  0x080009cd   Thumb Code     0  libspace.o(.text)
    __user_perthread_libspace                0x080009cd   Thumb Code     0  libspace.o(.text)
    __aeabi_errno_addr                       0x080009d5   Thumb Code     8  rt_errno_addr_intlibspace.o(.text)
    __errno$intlibspace                      0x080009d5   Thumb Code     0  rt_errno_addr_intlibspace.o(.text)
    __rt_errno_addr$intlibspace              0x080009d5   Thumb Code     0  rt_errno_addr_intlibspace.o(.text)
    __Heap_ProvideMemory                     0x080009dd   Thumb Code    52  h1_extend.o(.text)
    ferror                                   0x08000a11   Thumb Code     8  ferror.o(.text)
    _initio                                  0x08000a19   Thumb Code   210  initio.o(.text)
    _terminateio                             0x08000aeb   Thumb Code    56  initio.o(.text)
    __rt_SIGRTMEM                            0x08000b51   Thumb Code    14  defsig_rtmem_outer.o(.text)
    _sys_open                                0x08000b5f   Thumb Code    20  sys_io.o(.text)
    _sys_close                               0x08000b73   Thumb Code    12  sys_io.o(.text)
    _sys_write                               0x08000b7f   Thumb Code    16  sys_io.o(.text)
    _sys_read                                0x08000b8f   Thumb Code    14  sys_io.o(.text)
    _sys_istty                               0x08000b9d   Thumb Code    12  sys_io.o(.text)
    _sys_seek                                0x08000ba9   Thumb Code    14  sys_io.o(.text)
    _sys_ensure                              0x08000bb7   Thumb Code     2  sys_io.o(.text)
    _sys_flen                                0x08000bb9   Thumb Code    12  sys_io.o(.text)
    __I$use$semihosting                      0x08000bc5   Thumb Code     0  use_no_semi.o(.text)
    __use_no_semihosting_swi                 0x08000bc5   Thumb Code     2  use_no_semi.o(.text)
    __semihosting_library_function           0x08000bc7   Thumb Code     0  indicate_semi.o(.text)
    __user_setup_stackheap                   0x08000bc7   Thumb Code    74  sys_stackheap_outer.o(.text)
    setvbuf                                  0x08000c11   Thumb Code    70  setvbuf.o(.text)
    freopen                                  0x08000c59   Thumb Code   158  fopen.o(.text)
    fopen                                    0x08000cf7   Thumb Code    74  fopen.o(.text)
    _fclose_internal                         0x08000d45   Thumb Code    76  fclose.o(.text)
    fclose                                   0x08000d45   Thumb Code     0  fclose.o(.text)
    exit                                     0x08000d91   Thumb Code    18  exit.o(.text)
    __sig_exit                               0x08000da3   Thumb Code    10  defsig_exit.o(.text)
    __rt_SIGRTRED                            0x08000dad   Thumb Code    14  defsig_rtred_outer.o(.text)
    __rt_SIGRTMEM_inner                      0x08000dbd   Thumb Code    22  defsig_rtmem_inner.o(.text)
    _sys_exit                                0x08000e0d   Thumb Code     8  sys_exit.o(.text)
    _fseek                                   0x08000e19   Thumb Code   242  fseek.o(.text)
    fseek                                    0x08000e19   Thumb Code     0  fseek.o(.text)
    _seterr                                  0x08000f11   Thumb Code    20  stdio.o(.text)
    _writebuf                                0x08000f25   Thumb Code    84  stdio.o(.text)
    _fflush                                  0x08000f79   Thumb Code    70  stdio.o(.text)
    _deferredlazyseek                        0x08000fbf   Thumb Code    60  stdio.o(.text)
    __default_signal_display                 0x08001001   Thumb Code    50  defsig_general.o(.text)
    __rt_SIGRTRED_inner                      0x08001035   Thumb Code    14  defsig_rtred_inner.o(.text)
    _ttywrch                                 0x08001069   Thumb Code    14  sys_wrch.o(.text)
    _ftell_internal                          0x08001077   Thumb Code    66  ftell.o(.text)
    ftell                                    0x08001077   Thumb Code     0  ftell.o(.text)
    BLECommunicationEntry                    0x080010b9   Thumb Code    62  freertos.o(i.BLECommunicationEntry)
    BusFault_Handler                         0x0800111d   Thumb Code     2  stm32f1xx_it.o(i.BusFault_Handler)
    CRC_Compute                              0x08001121   Thumb Code    40  master.o(i.CRC_Compute)
    DataManagerEntry                         0x0800114d   Thumb Code   112  freertos.o(i.DataManagerEntry)
    DebugMon_Handler                         0x080011e9   Thumb Code     2  stm32f1xx_it.o(i.DebugMon_Handler)
    Error_Handler                            0x080011eb   Thumb Code     4  main.o(i.Error_Handler)
    HAL_DMA_Abort                            0x080011ef   Thumb Code    70  stm32f1xx_hal_dma.o(i.HAL_DMA_Abort)
    HAL_DMA_Abort_IT                         0x08001235   Thumb Code   296  stm32f1xx_hal_dma.o(i.HAL_DMA_Abort_IT)
    HAL_GPIO_Init                            0x08001365   Thumb Code   462  stm32f1xx_hal_gpio.o(i.HAL_GPIO_Init)
    HAL_GPIO_WritePin                        0x0800155d   Thumb Code    10  stm32f1xx_hal_gpio.o(i.HAL_GPIO_WritePin)
    HAL_GetTick                              0x08001569   Thumb Code     6  stm32f1xx_hal.o(i.HAL_GetTick)
    HAL_IncTick                              0x08001575   Thumb Code    12  stm32f1xx_hal.o(i.HAL_IncTick)
    HAL_Init                                 0x08001585   Thumb Code    32  stm32f1xx_hal.o(i.HAL_Init)
    HAL_InitTick                             0x080015a9   Thumb Code   118  stm32f1xx_hal_timebase_tim.o(i.HAL_InitTick)
    HAL_MspInit                              0x08001635   Thumb Code    48  stm32f1xx_hal_msp.o(i.HAL_MspInit)
    HAL_NVIC_EnableIRQ                       0x08001669   Thumb Code    26  stm32f1xx_hal_cortex.o(i.HAL_NVIC_EnableIRQ)
    HAL_NVIC_SetPriority                     0x08001685   Thumb Code    60  stm32f1xx_hal_cortex.o(i.HAL_NVIC_SetPriority)
    HAL_NVIC_SetPriorityGrouping             0x080016c5   Thumb Code    26  stm32f1xx_hal_cortex.o(i.HAL_NVIC_SetPriorityGrouping)
    HAL_RCC_ClockConfig                      0x080016e9   Thumb Code   280  stm32f1xx_hal_rcc.o(i.HAL_RCC_ClockConfig)
    HAL_RCC_GetClockConfig                   0x08001815   Thumb Code    54  stm32f1xx_hal_rcc.o(i.HAL_RCC_GetClockConfig)
    HAL_RCC_GetPCLK1Freq                     0x08001855   Thumb Code    20  stm32f1xx_hal_rcc.o(i.HAL_RCC_GetPCLK1Freq)
    HAL_RCC_GetPCLK2Freq                     0x08001875   Thumb Code    20  stm32f1xx_hal_rcc.o(i.HAL_RCC_GetPCLK2Freq)
    HAL_RCC_GetSysClockFreq                  0x08001895   Thumb Code    74  stm32f1xx_hal_rcc.o(i.HAL_RCC_GetSysClockFreq)
    HAL_RCC_OscConfig                        0x08001901   Thumb Code   778  stm32f1xx_hal_rcc.o(i.HAL_RCC_OscConfig)
    HAL_TIMEx_BreakCallback                  0x08001c21   Thumb Code     2  stm32f1xx_hal_tim_ex.o(i.HAL_TIMEx_BreakCallback)
    HAL_TIMEx_CommutCallback                 0x08001c23   Thumb Code     2  stm32f1xx_hal_tim_ex.o(i.HAL_TIMEx_CommutCallback)
    HAL_TIMEx_MasterConfigSynchronization    0x08001c25   Thumb Code   104  stm32f1xx_hal_tim_ex.o(i.HAL_TIMEx_MasterConfigSynchronization)
    HAL_TIM_Base_Init                        0x08001ca1   Thumb Code    90  stm32f1xx_hal_tim.o(i.HAL_TIM_Base_Init)
    HAL_TIM_Base_MspInit                     0x08001cfd   Thumb Code    72  tim.o(i.HAL_TIM_Base_MspInit)
    HAL_TIM_Base_Start_IT                    0x08001d4d   Thumb Code    88  stm32f1xx_hal_tim.o(i.HAL_TIM_Base_Start_IT)
    HAL_TIM_Base_Stop_IT                     0x08001db9   Thumb Code    48  stm32f1xx_hal_tim.o(i.HAL_TIM_Base_Stop_IT)
    HAL_TIM_ConfigClockSource                0x08001de9   Thumb Code   214  stm32f1xx_hal_tim.o(i.HAL_TIM_ConfigClockSource)
    HAL_TIM_IC_CaptureCallback               0x08001ebf   Thumb Code     2  stm32f1xx_hal_tim.o(i.HAL_TIM_IC_CaptureCallback)
    HAL_TIM_IRQHandler                       0x08001ec1   Thumb Code   358  stm32f1xx_hal_tim.o(i.HAL_TIM_IRQHandler)
    HAL_TIM_MspPostInit                      0x08002029   Thumb Code    62  tim.o(i.HAL_TIM_MspPostInit)
    HAL_TIM_OC_DelayElapsedCallback          0x08002075   Thumb Code     2  stm32f1xx_hal_tim.o(i.HAL_TIM_OC_DelayElapsedCallback)
    HAL_TIM_PWM_ConfigChannel                0x08002077   Thumb Code   198  stm32f1xx_hal_tim.o(i.HAL_TIM_PWM_ConfigChannel)
    HAL_TIM_PWM_Init                         0x0800213d   Thumb Code    90  stm32f1xx_hal_tim.o(i.HAL_TIM_PWM_Init)
    HAL_TIM_PWM_MspInit                      0x08002197   Thumb Code     2  stm32f1xx_hal_tim.o(i.HAL_TIM_PWM_MspInit)
    HAL_TIM_PWM_PulseFinishedCallback        0x08002199   Thumb Code     2  stm32f1xx_hal_tim.o(i.HAL_TIM_PWM_PulseFinishedCallback)
    HAL_TIM_PeriodElapsedCallback            0x0800219d   Thumb Code    88  main.o(i.HAL_TIM_PeriodElapsedCallback)
    HAL_TIM_TriggerCallback                  0x08002215   Thumb Code     2  stm32f1xx_hal_tim.o(i.HAL_TIM_TriggerCallback)
    HAL_UARTEx_RxEventCallback               0x08002217   Thumb Code     2  freertos.o(i.HAL_UARTEx_RxEventCallback)
    HAL_UART_ErrorCallback                   0x08002219   Thumb Code    50  freertos.o(i.HAL_UART_ErrorCallback)
    HAL_UART_IRQHandler                      0x08002259   Thumb Code   520  stm32f1xx_hal_uart.o(i.HAL_UART_IRQHandler)
    HAL_UART_Init                            0x08002465   Thumb Code    98  stm32f1xx_hal_uart.o(i.HAL_UART_Init)
    HAL_UART_MspInit                         0x080024c9   Thumb Code   282  usart.o(i.HAL_UART_MspInit)
    HAL_UART_Receive                         0x080025fd   Thumb Code   192  stm32f1xx_hal_uart.o(i.HAL_UART_Receive)
    HAL_UART_Receive_IT                      0x080026bd   Thumb Code    42  stm32f1xx_hal_uart.o(i.HAL_UART_Receive_IT)
    HAL_UART_RxCpltCallback                  0x080026e9   Thumb Code   256  freertos.o(i.HAL_UART_RxCpltCallback)
    HAL_UART_Transmit                        0x08002819   Thumb Code   178  stm32f1xx_hal_uart.o(i.HAL_UART_Transmit)
    HAL_UART_TxCpltCallback                  0x080028cb   Thumb Code     2  freertos.o(i.HAL_UART_TxCpltCallback)
    HardFault_Handler                        0x080028cd   Thumb Code     2  stm32f1xx_it.o(i.HardFault_Handler)
    MX_FREERTOS_Init                         0x080028d1   Thumb Code   192  freertos.o(i.MX_FREERTOS_Init)
    MX_GPIO_Init                             0x08002999   Thumb Code   358  gpio.o(i.MX_GPIO_Init)
    MX_TIM2_Init                             0x08002b21   Thumb Code   104  tim.o(i.MX_TIM2_Init)
    MX_TIM3_Init                             0x08002b8d   Thumb Code   142  tim.o(i.MX_TIM3_Init)
    MX_USART1_UART_Init                      0x08002c25   Thumb Code    48  usart.o(i.MX_USART1_UART_Init)
    MX_USART2_UART_Init                      0x08002c5d   Thumb Code    48  usart.o(i.MX_USART2_UART_Init)
    MX_USART3_UART_Init                      0x08002c95   Thumb Code    64  usart.o(i.MX_USART3_UART_Init)
    Master_03_Slove                          0x08002cdd   Thumb Code    48  master.o(i.Master_03_Slove)
    Master_06_Slove                          0x08002d11   Thumb Code    60  master.o(i.Master_06_Slove)
    Master_Service                           0x08002d55   Thumb Code    36  master.o(i.Master_Service)
    MemManage_Handler                        0x08002d79   Thumb Code     2  stm32f1xx_it.o(i.MemManage_Handler)
    Modbus_03_Solve                          0x08002d7d   Thumb Code   176  master.o(i.Modbus_03_Solve)
    Modbus_06_Solve                          0x08002e81   Thumb Code    34  master.o(i.Modbus_06_Solve)
    Modbus_16_Solve                          0x08002eb1   Thumb Code    28  master.o(i.Modbus_16_Solve)
    MotorControlEntry                        0x08002ed5   Thumb Code    50  freertos.o(i.MotorControlEntry)
    NMI_Handler                              0x08002f2d   Thumb Code     2  stm32f1xx_it.o(i.NMI_Handler)
    RS485_RX_Service                         0x08002f31   Thumb Code   216  master.o(i.RS485_RX_Service)
    RS485_SendData                           0x08003015   Thumb Code    66  master.o(i.RS485_SendData)
    RS485_TX_Service                         0x08003069   Thumb Code    14  master.o(i.RS485_TX_Service)
    SensorCommunicationEntry                 0x0800307d   Thumb Code    28  freertos.o(i.SensorCommunicationEntry)
    SysTick_Handler                          0x080030a1   Thumb Code    38  port.o(i.SysTick_Handler)
    SystemClock_Config                       0x080030cd   Thumb Code    94  main.o(i.SystemClock_Config)
    SystemInit                               0x0800312b   Thumb Code     2  system_stm32f1xx.o(i.SystemInit)
    TIM1_UP_IRQHandler                       0x0800312d   Thumb Code     6  stm32f1xx_it.o(i.TIM1_UP_IRQHandler)
    TIM2_IRQHandler                          0x08003139   Thumb Code     6  stm32f1xx_it.o(i.TIM2_IRQHandler)
    TIM_Base_SetConfig                       0x08003145   Thumb Code   120  stm32f1xx_hal_tim.o(i.TIM_Base_SetConfig)
    TIM_ETR_SetConfig                        0x080031d1   Thumb Code    20  stm32f1xx_hal_tim.o(i.TIM_ETR_SetConfig)
    TIM_OC2_SetConfig                        0x08003255   Thumb Code    98  stm32f1xx_hal_tim.o(i.TIM_OC2_SetConfig)
    UART_Start_Receive_IT                    0x0800356d   Thumb Code    54  stm32f1xx_hal_uart.o(i.UART_Start_Receive_IT)
    USART1_IRQHandler                        0x08003609   Thumb Code     6  stm32f1xx_it.o(i.USART1_IRQHandler)
    USART2_IRQHandler                        0x08003615   Thumb Code     6  stm32f1xx_it.o(i.USART2_IRQHandler)
    USART3_IRQHandler                        0x08003621   Thumb Code   160  stm32f1xx_it.o(i.USART3_IRQHandler)
    UsageFault_Handler                       0x080036d9   Thumb Code     2  stm32f1xx_it.o(i.UsageFault_Handler)
    _is_digit                                0x080036fb   Thumb Code    14  __printf_wp.o(i._is_digit)
    fputc                                    0x08003709   Thumb Code    92  main.o(i.fputc)
    main                                     0x08003781   Thumb Code    48  main.o(i.main)
    modbus_rtu                               0x080037c1   Thumb Code   104  master.o(i.modbus_rtu)
    osDelay                                  0x0800382d   Thumb Code    14  cmsis_os.o(i.osDelay)
    osKernelStart                            0x0800383b   Thumb Code    10  cmsis_os.o(i.osKernelStart)
    osMessageCreate                          0x08003845   Thumb Code    38  cmsis_os.o(i.osMessageCreate)
    osMessageGet                             0x0800386d   Thumb Code   144  cmsis_os.o(i.osMessageGet)
    osMessagePut                             0x08003901   Thumb Code    86  cmsis_os.o(i.osMessagePut)
    osPoolAlloc                              0x0800395d   Thumb Code   106  cmsis_os.o(i.osPoolAlloc)
    osPoolCreate                             0x080039c7   Thumb Code    94  cmsis_os.o(i.osPoolCreate)
    osPoolFree                               0x08003a25   Thumb Code    48  cmsis_os.o(i.osPoolFree)
    osSignalSet                              0x08003a55   Thumb Code    86  cmsis_os.o(i.osSignalSet)
    osSignalWait                             0x08003ab1   Thumb Code    86  cmsis_os.o(i.osSignalWait)
    osThreadCreate                           0x08003b07   Thumb Code    84  cmsis_os.o(i.osThreadCreate)
    pvPortMalloc                             0x08003fcd   Thumb Code   210  heap_4.o(i.pvPortMalloc)
    pxPortInitialiseStack                    0x080040a5   Thumb Code    32  port.o(i.pxPortInitialiseStack)
    uxListRemove                             0x080040c9   Thumb Code    38  list.o(i.uxListRemove)
    vApplicationGetIdleTaskMemory            0x080040f1   Thumb Code    16  freertos.o(i.vApplicationGetIdleTaskMemory)
    vListInitialise                          0x08004105   Thumb Code    22  list.o(i.vListInitialise)
    vListInitialiseItem                      0x0800411b   Thumb Code     6  list.o(i.vListInitialiseItem)
    vListInsert                              0x08004121   Thumb Code    48  list.o(i.vListInsert)
    vListInsertEnd                           0x08004151   Thumb Code    24  list.o(i.vListInsertEnd)
    vPortEnterCritical                       0x08004169   Thumb Code    54  port.o(i.vPortEnterCritical)
    vPortExitCritical                        0x080041a9   Thumb Code    34  port.o(i.vPortExitCritical)
    vPortFree                                0x080041d1   Thumb Code    88  heap_4.o(i.vPortFree)
    vPortSetupTimerInterrupt                 0x0800422d   Thumb Code    32  port.o(i.vPortSetupTimerInterrupt)
    vPortValidateInterruptPriority           0x08004251   Thumb Code    74  port.o(i.vPortValidateInterruptPriority)
    vTaskDelay                               0x080042a5   Thumb Code    66  tasks.o(i.vTaskDelay)
    vTaskInternalSetTimeOutState             0x080042f1   Thumb Code    12  tasks.o(i.vTaskInternalSetTimeOutState)
    vTaskMissedYield                         0x08004301   Thumb Code     8  tasks.o(i.vTaskMissedYield)
    vTaskPlaceOnEventList                    0x0800430d   Thumb Code    44  tasks.o(i.vTaskPlaceOnEventList)
    vTaskStartScheduler                      0x0800433d   Thumb Code    90  tasks.o(i.vTaskStartScheduler)
    vTaskSuspendAll                          0x080043a9   Thumb Code    10  tasks.o(i.vTaskSuspendAll)
    vTaskSwitchContext                       0x080043b9   Thumb Code    82  tasks.o(i.vTaskSwitchContext)
    xPortStartScheduler                      0x08004415   Thumb Code   154  port.o(i.xPortStartScheduler)
    xQueueGenericCreate                      0x080044bd   Thumb Code    72  queue.o(i.xQueueGenericCreate)
    xQueueGenericCreateStatic                0x08004505   Thumb Code   102  queue.o(i.xQueueGenericCreateStatic)
    xQueueGenericReset                       0x0800456d   Thumb Code   132  queue.o(i.xQueueGenericReset)
    xQueueGenericSend                        0x080045f5   Thumb Code   346  queue.o(i.xQueueGenericSend)
    xQueueGenericSendFromISR                 0x08004755   Thumb Code   188  queue.o(i.xQueueGenericSendFromISR)
    xQueueReceive                            0x08004811   Thumb Code   308  queue.o(i.xQueueReceive)
    xQueueReceiveFromISR                     0x08004949   Thumb Code   154  queue.o(i.xQueueReceiveFromISR)
    xTaskCheckForTimeOut                     0x080049e5   Thumb Code   112  tasks.o(i.xTaskCheckForTimeOut)
    xTaskCreate                              0x08004a59   Thumb Code    90  tasks.o(i.xTaskCreate)
    xTaskCreateStatic                        0x08004ab3   Thumb Code    86  tasks.o(i.xTaskCreateStatic)
    xTaskGenericNotify                       0x08004b09   Thumb Code   190  tasks.o(i.xTaskGenericNotify)
    xTaskGenericNotifyFromISR                0x08004bd5   Thumb Code   232  tasks.o(i.xTaskGenericNotifyFromISR)
    xTaskGetSchedulerState                   0x08004cc5   Thumb Code    22  tasks.o(i.xTaskGetSchedulerState)
    xTaskIncrementTick                       0x08004ce1   Thumb Code   192  tasks.o(i.xTaskIncrementTick)
    xTaskNotifyWait                          0x08004da9   Thumb Code   130  tasks.o(i.xTaskNotifyWait)
    xTaskPriorityDisinherit                  0x08004e35   Thumb Code   144  tasks.o(i.xTaskPriorityDisinherit)
    xTaskRemoveFromEventList                 0x08004ecd   Thumb Code   108  tasks.o(i.xTaskRemoveFromEventList)
    xTaskResumeAll                           0x08004f41   Thumb Code   182  tasks.o(i.xTaskResumeAll)
    auchCRCHi                                0x08005004   Data         256  master.o(.constdata)
    auchCRCLo                                0x08005104   Data         256  master.o(.constdata)
    AHBPrescTable                            0x080052b0   Data          16  system_stm32f1xx.o(.constdata)
    APBPrescTable                            0x080052c0   Data           8  system_stm32f1xx.o(.constdata)
    __stdin_name                             0x08005301   Data           4  sys_io.o(.constdata)
    __stdout_name                            0x08005305   Data           4  sys_io.o(.constdata)
    __stderr_name                            0x08005309   Data           4  sys_io.o(.constdata)
    Region$$Table$$Base                      0x08005354   Number         0  anon$$obj.o(Region$$Table)
    Region$$Table$$Limit                     0x08005374   Number         0  anon$$obj.o(Region$$Table)
    huart_switch                             0x20000000   Data           1  pb02.o(.data)
    RS485_RxFlag                             0x20000002   Data           1  master.o(.data)
    SlaverAddr                               0x20000003   Data           1  master.o(.data)
    Fuction                                  0x20000004   Data           1  master.o(.data)
    TX_RX_SET                                0x20000005   Data           1  master.o(.data)
    ComErr                                   0x20000006   Data           1  master.o(.data)
    errpace                                  0x20000007   Data           1  master.o(.data)
    state                                    0x20000008   Data           1  master.o(.data)
    RS485_RX_CNT                             0x2000000c   Data           2  master.o(.data)
    StartAddr                                0x2000000e   Data           2  master.o(.data)
    ValueOrLenth                             0x20000010   Data           2  master.o(.data)
    BLECommunicationFlag                     0x20000014   Data           1  freertos.o(.data)
    DataManagerFlag                          0x20000015   Data           1  freertos.o(.data)
    buf                                      0x20000016   Data           1  freertos.o(.data)
    SensorDataPHandle                        0x20000018   Data           4  freertos.o(.data)
    BLECommunicationHandle                   0x2000001c   Data           4  freertos.o(.data)
    DataManagerHandle                        0x20000020   Data           4  freertos.o(.data)
    SensorCommunicationHandle                0x20000024   Data           4  freertos.o(.data)
    MotorControlHandle                       0x20000028   Data           4  freertos.o(.data)
    SensorQHandle                            0x2000002c   Data           4  freertos.o(.data)
    BLEQHandle                               0x20000030   Data           4  freertos.o(.data)
    MotorQHandle                             0x20000034   Data           4  freertos.o(.data)
    uwTickFreq                               0x20000038   Data           1  stm32f1xx_hal.o(.data)
    uwTickPrio                               0x2000003c   Data           4  stm32f1xx_hal.o(.data)
    uwTick                                   0x20000040   Data           4  stm32f1xx_hal.o(.data)
    SystemCoreClock                          0x20000044   Data           4  system_stm32f1xx.o(.data)
    pxCurrentTCB                             0x20000048   Data           4  tasks.o(.data)
    __aeabi_stdin                            0x200000a8   Data           4  stdio_streams.o(.data)
    __aeabi_stdout                           0x200000ac   Data           4  stdio_streams.o(.data)
    __aeabi_stderr                           0x200000b0   Data           4  stdio_streams.o(.data)
    PB02_Fram_Record_Struct                  0x200000b4   Data        1032  pb02.o(.bss)
    RS485_RX_BUFF                            0x200004bc   Data        2048  master.o(.bss)
    RS485_TX_BUFF                            0x20000cbc   Data        2048  master.o(.bss)
    Master_OutputIO                          0x200014bc   Data         200  master.o(.bss)
    Master_ReadReg                           0x20001584   Data        2000  master.o(.bss)
    Master_WriteReg                          0x20001d54   Data        2000  master.o(.bss)
    htim2                                    0x20002780   Data          72  tim.o(.bss)
    htim3                                    0x200027c8   Data          72  tim.o(.bss)
    huart1                                   0x20002810   Data          68  usart.o(.bss)
    huart2                                   0x20002854   Data          68  usart.o(.bss)
    huart3                                   0x20002898   Data          68  usart.o(.bss)
    htim1                                    0x200028dc   Data          72  stm32f1xx_hal_timebase_tim.o(.bss)
    __stdin                                  0x200039fc   Data          84  stdio_streams.o(.bss)
    __stdout                                 0x20003a50   Data          84  stdio_streams.o(.bss)
    __stderr                                 0x20003aa4   Data          84  stdio_streams.o(.bss)
    __libspace_start                         0x20003af8   Data          96  libspace.o(.bss)
    __temporary_stack_top$libspace           0x20003b58   Data           0  libspace.o(.bss)



==============================================================================

Memory Map of the image

  Image Entry point : 0x08000131

  Load Region LR_IROM1 (Base: 0x08000000, Size: 0x00005428, Max: 0x00080000, ABSOLUTE)

    Execution Region ER_IROM1 (Exec base: 0x08000000, Load base: 0x08000000, Size: 0x00005374, Max: 0x00080000, ABSOLUTE)

    Exec Addr    Load Addr    Size         Type   Attr      Idx    E Section Name        Object

    0x08000000   0x08000000   0x00000130   Data   RO            3    RESET               startup_stm32f103xe.o
    0x08000130   0x08000130   0x00000008   Code   RO         5457  * !!!main             c_w.l(__main.o)
    0x08000138   0x08000138   0x00000034   Code   RO         5942    !!!scatter          c_w.l(__scatter.o)
    0x0800016c   0x0800016c   0x0000001a   Code   RO         5944    !!handler_copy      c_w.l(__scatter_copy.o)
    0x08000186   0x08000186   0x00000002   PAD
    0x08000188   0x08000188   0x0000001c   Code   RO         5946    !!handler_zi        c_w.l(__scatter_zi.o)
    0x080001a4   0x080001a4   0x00000000   Code   RO         5434    .ARM.Collect$$_printf_percent$$00000000  c_w.l(_printf_percent.o)
    0x080001a4   0x080001a4   0x00000006   Code   RO         5432    .ARM.Collect$$_printf_percent$$00000009  c_w.l(_printf_d.o)
    0x080001aa   0x080001aa   0x00000006   Code   RO         5430    .ARM.Collect$$_printf_percent$$0000000C  c_w.l(_printf_x.o)
    0x080001b0   0x080001b0   0x00000006   Code   RO         5428    .ARM.Collect$$_printf_percent$$00000013  c_w.l(_printf_c.o)
    0x080001b6   0x080001b6   0x00000004   Code   RO         5559    .ARM.Collect$$_printf_percent$$00000017  c_w.l(_printf_percent_end.o)
    0x080001ba   0x080001ba   0x00000002   Code   RO         5826    .ARM.Collect$$libinit$$00000000  c_w.l(libinit.o)
    0x080001bc   0x080001bc   0x00000000   Code   RO         5588    .ARM.Collect$$libinit$$00000002  c_w.l(libinit2.o)
    0x080001bc   0x080001bc   0x00000000   Code   RO         5590    .ARM.Collect$$libinit$$00000004  c_w.l(libinit2.o)
    0x080001bc   0x080001bc   0x00000008   Code   RO         5591    .ARM.Collect$$libinit$$00000005  c_w.l(libinit2.o)
    0x080001c4   0x080001c4   0x00000000   Code   RO         5593    .ARM.Collect$$libinit$$0000000A  c_w.l(libinit2.o)
    0x080001c4   0x080001c4   0x00000000   Code   RO         5595    .ARM.Collect$$libinit$$0000000C  c_w.l(libinit2.o)
    0x080001c4   0x080001c4   0x00000000   Code   RO         5597    .ARM.Collect$$libinit$$0000000E  c_w.l(libinit2.o)
    0x080001c4   0x080001c4   0x00000000   Code   RO         5600    .ARM.Collect$$libinit$$00000011  c_w.l(libinit2.o)
    0x080001c4   0x080001c4   0x00000000   Code   RO         5602    .ARM.Collect$$libinit$$00000013  c_w.l(libinit2.o)
    0x080001c4   0x080001c4   0x00000000   Code   RO         5604    .ARM.Collect$$libinit$$00000015  c_w.l(libinit2.o)
    0x080001c4   0x080001c4   0x00000000   Code   RO         5606    .ARM.Collect$$libinit$$00000017  c_w.l(libinit2.o)
    0x080001c4   0x080001c4   0x00000000   Code   RO         5608    .ARM.Collect$$libinit$$00000019  c_w.l(libinit2.o)
    0x080001c4   0x080001c4   0x00000000   Code   RO         5610    .ARM.Collect$$libinit$$0000001B  c_w.l(libinit2.o)
    0x080001c4   0x080001c4   0x00000000   Code   RO         5612    .ARM.Collect$$libinit$$0000001D  c_w.l(libinit2.o)
    0x080001c4   0x080001c4   0x00000000   Code   RO         5614    .ARM.Collect$$libinit$$0000001F  c_w.l(libinit2.o)
    0x080001c4   0x080001c4   0x00000000   Code   RO         5616    .ARM.Collect$$libinit$$00000021  c_w.l(libinit2.o)
    0x080001c4   0x080001c4   0x00000000   Code   RO         5618    .ARM.Collect$$libinit$$00000023  c_w.l(libinit2.o)
    0x080001c4   0x080001c4   0x00000004   Code   RO         5619    .ARM.Collect$$libinit$$00000024  c_w.l(libinit2.o)
    0x080001c8   0x080001c8   0x00000000   Code   RO         5620    .ARM.Collect$$libinit$$00000025  c_w.l(libinit2.o)
    0x080001c8   0x080001c8   0x00000000   Code   RO         5624    .ARM.Collect$$libinit$$0000002C  c_w.l(libinit2.o)
    0x080001c8   0x080001c8   0x00000000   Code   RO         5626    .ARM.Collect$$libinit$$0000002E  c_w.l(libinit2.o)
    0x080001c8   0x080001c8   0x00000000   Code   RO         5628    .ARM.Collect$$libinit$$00000030  c_w.l(libinit2.o)
    0x080001c8   0x080001c8   0x00000000   Code   RO         5630    .ARM.Collect$$libinit$$00000032  c_w.l(libinit2.o)
    0x080001c8   0x080001c8   0x00000002   Code   RO         5631    .ARM.Collect$$libinit$$00000033  c_w.l(libinit2.o)
    0x080001ca   0x080001ca   0x00000002   Code   RO         5933    .ARM.Collect$$libshutdown$$00000000  c_w.l(libshutdown.o)
    0x080001cc   0x080001cc   0x00000000   Code   RO         5828    .ARM.Collect$$libshutdown$$00000002  c_w.l(libshutdown2.o)
    0x080001cc   0x080001cc   0x00000000   Code   RO         5830    .ARM.Collect$$libshutdown$$00000004  c_w.l(libshutdown2.o)
    0x080001cc   0x080001cc   0x00000004   Code   RO         5831    .ARM.Collect$$libshutdown$$00000005  c_w.l(libshutdown2.o)
    0x080001d0   0x080001d0   0x00000000   Code   RO         5832    .ARM.Collect$$libshutdown$$00000006  c_w.l(libshutdown2.o)
    0x080001d0   0x080001d0   0x00000000   Code   RO         5835    .ARM.Collect$$libshutdown$$00000009  c_w.l(libshutdown2.o)
    0x080001d0   0x080001d0   0x00000000   Code   RO         5838    .ARM.Collect$$libshutdown$$0000000C  c_w.l(libshutdown2.o)
    0x080001d0   0x080001d0   0x00000000   Code   RO         5840    .ARM.Collect$$libshutdown$$0000000E  c_w.l(libshutdown2.o)
    0x080001d0   0x080001d0   0x00000000   Code   RO         5843    .ARM.Collect$$libshutdown$$00000011  c_w.l(libshutdown2.o)
    0x080001d0   0x080001d0   0x00000002   Code   RO         5844    .ARM.Collect$$libshutdown$$00000012  c_w.l(libshutdown2.o)
    0x080001d2   0x080001d2   0x00000000   Code   RO         5495    .ARM.Collect$$rtentry$$00000000  c_w.l(__rtentry.o)
    0x080001d2   0x080001d2   0x00000000   Code   RO         5655    .ARM.Collect$$rtentry$$00000002  c_w.l(__rtentry2.o)
    0x080001d2   0x080001d2   0x00000006   Code   RO         5667    .ARM.Collect$$rtentry$$00000004  c_w.l(__rtentry4.o)
    0x080001d8   0x080001d8   0x00000000   Code   RO         5657    .ARM.Collect$$rtentry$$00000009  c_w.l(__rtentry2.o)
    0x080001d8   0x080001d8   0x00000004   Code   RO         5658    .ARM.Collect$$rtentry$$0000000A  c_w.l(__rtentry2.o)
    0x080001dc   0x080001dc   0x00000000   Code   RO         5660    .ARM.Collect$$rtentry$$0000000C  c_w.l(__rtentry2.o)
    0x080001dc   0x080001dc   0x00000008   Code   RO         5661    .ARM.Collect$$rtentry$$0000000D  c_w.l(__rtentry2.o)
    0x080001e4   0x080001e4   0x00000002   Code   RO         5855    .ARM.Collect$$rtexit$$00000000  c_w.l(rtexit.o)
    0x080001e6   0x080001e6   0x00000000   Code   RO         5892    .ARM.Collect$$rtexit$$00000002  c_w.l(rtexit2.o)
    0x080001e6   0x080001e6   0x00000004   Code   RO         5893    .ARM.Collect$$rtexit$$00000003  c_w.l(rtexit2.o)
    0x080001ea   0x080001ea   0x00000006   Code   RO         5894    .ARM.Collect$$rtexit$$00000004  c_w.l(rtexit2.o)
    0x080001f0   0x080001f0   0x00000096   Code   RO         5218    .emb_text           port.o
    0x08000286   0x08000286   0x00000002   PAD
    0x08000288   0x08000288   0x00000000   Code   RO         5681    .emb_text           c_w.l(maybetermalloc1.o)
    0x08000288   0x08000288   0x00000040   Code   RO            4    .text               startup_stm32f103xe.o
    0x080002c8   0x080002c8   0x0000005e   Code   RO         5303    .text               c_w.l(h1_alloc.o)
    0x08000326   0x08000326   0x0000004e   Code   RO         5305    .text               c_w.l(h1_free.o)
    0x08000374   0x08000374   0x00000018   Code   RO         5371    .text               c_w.l(__2printf.o)
    0x0800038c   0x0800038c   0x00000052   Code   RO         5383    .text               c_w.l(_printf_str.o)
    0x080003de   0x080003de   0x00000002   PAD
    0x080003e0   0x080003e0   0x00000078   Code   RO         5385    .text               c_w.l(_printf_dec.o)
    0x08000458   0x08000458   0x00000094   Code   RO         5405    .text               c_w.l(_printf_hex_int_ll_ptr.o)
    0x080004ec   0x080004ec   0x00000188   Code   RO         5425    .text               c_w.l(__printf_flags_ss_wp.o)
    0x08000674   0x08000674   0x0000003e   Code   RO         5441    .text               c_w.l(strlen.o)
    0x080006b2   0x080006b2   0x0000008a   Code   RO         5445    .text               c_w.l(rt_memcpy_v6.o)
    0x0800073c   0x0800073c   0x00000064   Code   RO         5447    .text               c_w.l(rt_memcpy_w.o)
    0x080007a0   0x080007a0   0x0000004e   Code   RO         5451    .text               c_w.l(rt_memclr_w.o)
    0x080007ee   0x080007ee   0x00000006   Code   RO         5455    .text               c_w.l(heapauxi.o)
    0x080007f4   0x080007f4   0x00000008   Code   RO         5501    .text               c_w.l(rt_heap_descriptor_intlibspace.o)
    0x080007fc   0x080007fc   0x00000004   Code   RO         5503    .text               c_w.l(hguard.o)
    0x08000800   0x08000800   0x0000008a   Code   RO         5505    .text               c_w.l(init_alloc.o)
    0x0800088a   0x0800088a   0x0000000e   Code   RO         5509    .text               c_w.l(h1_init.o)
    0x08000898   0x08000898   0x000000b2   Code   RO         5525    .text               c_w.l(_printf_intcommon.o)
    0x0800094a   0x0800094a   0x00000002   PAD
    0x0800094c   0x0800094c   0x00000030   Code   RO         5531    .text               c_w.l(_printf_char_common.o)
    0x0800097c   0x0800097c   0x0000002c   Code   RO         5537    .text               c_w.l(_printf_char.o)
    0x080009a8   0x080009a8   0x00000024   Code   RO         5539    .text               c_w.l(_printf_char_file.o)
    0x080009cc   0x080009cc   0x00000008   Code   RO         5651    .text               c_w.l(libspace.o)
    0x080009d4   0x080009d4   0x00000008   Code   RO         5677    .text               c_w.l(rt_errno_addr_intlibspace.o)
    0x080009dc   0x080009dc   0x00000034   Code   RO         5683    .text               c_w.l(h1_extend.o)
    0x08000a10   0x08000a10   0x00000008   Code   RO         5727    .text               c_w.l(ferror.o)
    0x08000a18   0x08000a18   0x00000138   Code   RO         5729    .text               c_w.l(initio.o)
    0x08000b50   0x08000b50   0x0000000e   Code   RO         5743    .text               c_w.l(defsig_rtmem_outer.o)
    0x08000b5e   0x08000b5e   0x00000066   Code   RO         5776    .text               c_w.l(sys_io.o)
    0x08000bc4   0x08000bc4   0x00000002   Code   RO         5781    .text               c_w.l(use_no_semi.o)
    0x08000bc6   0x08000bc6   0x00000000   Code   RO         5783    .text               c_w.l(indicate_semi.o)
    0x08000bc6   0x08000bc6   0x0000004a   Code   RO         5784    .text               c_w.l(sys_stackheap_outer.o)
    0x08000c10   0x08000c10   0x00000046   Code   RO         5796    .text               c_w.l(setvbuf.o)
    0x08000c56   0x08000c56   0x00000002   PAD
    0x08000c58   0x08000c58   0x000000ec   Code   RO         5799    .text               c_w.l(fopen.o)
    0x08000d44   0x08000d44   0x0000004c   Code   RO         5801    .text               c_w.l(fclose.o)
    0x08000d90   0x08000d90   0x00000012   Code   RO         5807    .text               c_w.l(exit.o)
    0x08000da2   0x08000da2   0x0000000a   Code   RO         5809    .text               c_w.l(defsig_exit.o)
    0x08000dac   0x08000dac   0x0000000e   Code   RO         5811    .text               c_w.l(defsig_rtred_outer.o)
    0x08000dba   0x08000dba   0x00000002   PAD
    0x08000dbc   0x08000dbc   0x00000050   Code   RO         5815    .text               c_w.l(defsig_rtmem_inner.o)
    0x08000e0c   0x08000e0c   0x0000000c   Code   RO         5853    .text               c_w.l(sys_exit.o)
    0x08000e18   0x08000e18   0x000000f8   Code   RO         5865    .text               c_w.l(fseek.o)
    0x08000f10   0x08000f10   0x000000f0   Code   RO         5867    .text               c_w.l(stdio.o)
    0x08001000   0x08001000   0x00000032   Code   RO         5871    .text               c_w.l(defsig_general.o)
    0x08001032   0x08001032   0x00000002   PAD
    0x08001034   0x08001034   0x00000034   Code   RO         5873    .text               c_w.l(defsig_rtred_inner.o)
    0x08001068   0x08001068   0x0000000e   Code   RO         5889    .text               c_w.l(sys_wrch.o)
    0x08001076   0x08001076   0x00000042   Code   RO         5898    .text               c_w.l(ftell.o)
    0x080010b8   0x080010b8   0x00000064   Code   RO         1332    i.BLECommunicationEntry  freertos.o
    0x0800111c   0x0800111c   0x00000002   Code   RO         1525    i.BusFault_Handler  stm32f1xx_it.o
    0x0800111e   0x0800111e   0x00000002   PAD
    0x08001120   0x08001120   0x0000002c   Code   RO         1073    i.CRC_Compute       master.o
    0x0800114c   0x0800114c   0x0000009c   Code   RO         1333    i.DataManagerEntry  freertos.o
    0x080011e8   0x080011e8   0x00000002   Code   RO         1526    i.DebugMon_Handler  stm32f1xx_it.o
    0x080011ea   0x080011ea   0x00000004   Code   RO         1252    i.Error_Handler     main.o
    0x080011ee   0x080011ee   0x00000046   Code   RO         2091    i.HAL_DMA_Abort     stm32f1xx_hal_dma.o
    0x08001234   0x08001234   0x00000130   Code   RO         2092    i.HAL_DMA_Abort_IT  stm32f1xx_hal_dma.o
    0x08001364   0x08001364   0x000001f8   Code   RO         2027    i.HAL_GPIO_Init     stm32f1xx_hal_gpio.o
    0x0800155c   0x0800155c   0x0000000a   Code   RO         2031    i.HAL_GPIO_WritePin  stm32f1xx_hal_gpio.o
    0x08001566   0x08001566   0x00000002   PAD
    0x08001568   0x08001568   0x0000000c   Code   RO         1723    i.HAL_GetTick       stm32f1xx_hal.o
    0x08001574   0x08001574   0x00000010   Code   RO         1729    i.HAL_IncTick       stm32f1xx_hal.o
    0x08001584   0x08001584   0x00000024   Code   RO         1730    i.HAL_Init          stm32f1xx_hal.o
    0x080015a8   0x080015a8   0x0000008c   Code   RO         1637    i.HAL_InitTick      stm32f1xx_hal_timebase_tim.o
    0x08001634   0x08001634   0x00000034   Code   RO         1613    i.HAL_MspInit       stm32f1xx_hal_msp.o
    0x08001668   0x08001668   0x0000001a   Code   RO         2187    i.HAL_NVIC_EnableIRQ  stm32f1xx_hal_cortex.o
    0x08001682   0x08001682   0x00000002   PAD
    0x08001684   0x08001684   0x00000040   Code   RO         2193    i.HAL_NVIC_SetPriority  stm32f1xx_hal_cortex.o
    0x080016c4   0x080016c4   0x00000024   Code   RO         2194    i.HAL_NVIC_SetPriorityGrouping  stm32f1xx_hal_cortex.o
    0x080016e8   0x080016e8   0x0000012c   Code   RO         1887    i.HAL_RCC_ClockConfig  stm32f1xx_hal_rcc.o
    0x08001814   0x08001814   0x00000040   Code   RO         1891    i.HAL_RCC_GetClockConfig  stm32f1xx_hal_rcc.o
    0x08001854   0x08001854   0x00000020   Code   RO         1894    i.HAL_RCC_GetPCLK1Freq  stm32f1xx_hal_rcc.o
    0x08001874   0x08001874   0x00000020   Code   RO         1895    i.HAL_RCC_GetPCLK2Freq  stm32f1xx_hal_rcc.o
    0x08001894   0x08001894   0x0000006c   Code   RO         1896    i.HAL_RCC_GetSysClockFreq  stm32f1xx_hal_rcc.o
    0x08001900   0x08001900   0x00000320   Code   RO         1899    i.HAL_RCC_OscConfig  stm32f1xx_hal_rcc.o
    0x08001c20   0x08001c20   0x00000002   Code   RO         3393    i.HAL_TIMEx_BreakCallback  stm32f1xx_hal_tim_ex.o
    0x08001c22   0x08001c22   0x00000002   Code   RO         3394    i.HAL_TIMEx_CommutCallback  stm32f1xx_hal_tim_ex.o
    0x08001c24   0x08001c24   0x0000007c   Code   RO         3412    i.HAL_TIMEx_MasterConfigSynchronization  stm32f1xx_hal_tim_ex.o
    0x08001ca0   0x08001ca0   0x0000005a   Code   RO         2689    i.HAL_TIM_Base_Init  stm32f1xx_hal_tim.o
    0x08001cfa   0x08001cfa   0x00000002   PAD
    0x08001cfc   0x08001cfc   0x00000050   Code   RO         1418    i.HAL_TIM_Base_MspInit  tim.o
    0x08001d4c   0x08001d4c   0x0000006c   Code   RO         2694    i.HAL_TIM_Base_Start_IT  stm32f1xx_hal_tim.o
    0x08001db8   0x08001db8   0x00000030   Code   RO         2697    i.HAL_TIM_Base_Stop_IT  stm32f1xx_hal_tim.o
    0x08001de8   0x08001de8   0x000000d6   Code   RO         2698    i.HAL_TIM_ConfigClockSource  stm32f1xx_hal_tim.o
    0x08001ebe   0x08001ebe   0x00000002   Code   RO         2723    i.HAL_TIM_IC_CaptureCallback  stm32f1xx_hal_tim.o
    0x08001ec0   0x08001ec0   0x00000166   Code   RO         2737    i.HAL_TIM_IRQHandler  stm32f1xx_hal_tim.o
    0x08002026   0x08002026   0x00000002   PAD
    0x08002028   0x08002028   0x0000004c   Code   RO         1419    i.HAL_TIM_MspPostInit  tim.o
    0x08002074   0x08002074   0x00000002   Code   RO         2740    i.HAL_TIM_OC_DelayElapsedCallback  stm32f1xx_hal_tim.o
    0x08002076   0x08002076   0x000000c6   Code   RO         2761    i.HAL_TIM_PWM_ConfigChannel  stm32f1xx_hal_tim.o
    0x0800213c   0x0800213c   0x0000005a   Code   RO         2764    i.HAL_TIM_PWM_Init  stm32f1xx_hal_tim.o
    0x08002196   0x08002196   0x00000002   Code   RO         2766    i.HAL_TIM_PWM_MspInit  stm32f1xx_hal_tim.o
    0x08002198   0x08002198   0x00000002   Code   RO         2767    i.HAL_TIM_PWM_PulseFinishedCallback  stm32f1xx_hal_tim.o
    0x0800219a   0x0800219a   0x00000002   PAD
    0x0800219c   0x0800219c   0x00000078   Code   RO         1253    i.HAL_TIM_PeriodElapsedCallback  main.o
    0x08002214   0x08002214   0x00000002   Code   RO         2780    i.HAL_TIM_TriggerCallback  stm32f1xx_hal_tim.o
    0x08002216   0x08002216   0x00000002   Code   RO         1334    i.HAL_UARTEx_RxEventCallback  freertos.o
    0x08002218   0x08002218   0x00000040   Code   RO         1335    i.HAL_UART_ErrorCallback  freertos.o
    0x08002258   0x08002258   0x0000020c   Code   RO         3688    i.HAL_UART_IRQHandler  stm32f1xx_hal_uart.o
    0x08002464   0x08002464   0x00000062   Code   RO         3689    i.HAL_UART_Init     stm32f1xx_hal_uart.o
    0x080024c6   0x080024c6   0x00000002   PAD
    0x080024c8   0x080024c8   0x00000134   Code   RO         1472    i.HAL_UART_MspInit  usart.o
    0x080025fc   0x080025fc   0x000000c0   Code   RO         3692    i.HAL_UART_Receive  stm32f1xx_hal_uart.o
    0x080026bc   0x080026bc   0x0000002a   Code   RO         3694    i.HAL_UART_Receive_IT  stm32f1xx_hal_uart.o
    0x080026e6   0x080026e6   0x00000002   PAD
    0x080026e8   0x080026e8   0x00000130   Code   RO         1336    i.HAL_UART_RxCpltCallback  freertos.o
    0x08002818   0x08002818   0x000000b2   Code   RO         3697    i.HAL_UART_Transmit  stm32f1xx_hal_uart.o
    0x080028ca   0x080028ca   0x00000002   Code   RO         1337    i.HAL_UART_TxCpltCallback  freertos.o
    0x080028cc   0x080028cc   0x00000002   Code   RO         1527    i.HardFault_Handler  stm32f1xx_it.o
    0x080028ce   0x080028ce   0x00000002   PAD
    0x080028d0   0x080028d0   0x000000c8   Code   RO         1338    i.MX_FREERTOS_Init  freertos.o
    0x08002998   0x08002998   0x00000188   Code   RO         1308    i.MX_GPIO_Init      gpio.o
    0x08002b20   0x08002b20   0x0000006c   Code   RO         1420    i.MX_TIM2_Init      tim.o
    0x08002b8c   0x08002b8c   0x00000098   Code   RO         1421    i.MX_TIM3_Init      tim.o
    0x08002c24   0x08002c24   0x00000038   Code   RO         1473    i.MX_USART1_UART_Init  usart.o
    0x08002c5c   0x08002c5c   0x00000038   Code   RO         1474    i.MX_USART2_UART_Init  usart.o
    0x08002c94   0x08002c94   0x00000048   Code   RO         1475    i.MX_USART3_UART_Init  usart.o
    0x08002cdc   0x08002cdc   0x00000034   Code   RO         1074    i.Master_03_Slove   master.o
    0x08002d10   0x08002d10   0x00000044   Code   RO         1076    i.Master_06_Slove   master.o
    0x08002d54   0x08002d54   0x00000024   Code   RO         1077    i.Master_Service    master.o
    0x08002d78   0x08002d78   0x00000002   Code   RO         1528    i.MemManage_Handler  stm32f1xx_it.o
    0x08002d7a   0x08002d7a   0x00000002   PAD
    0x08002d7c   0x08002d7c   0x00000104   Code   RO         1078    i.Modbus_03_Solve   master.o
    0x08002e80   0x08002e80   0x00000030   Code   RO         1080    i.Modbus_06_Solve   master.o
    0x08002eb0   0x08002eb0   0x00000024   Code   RO         1082    i.Modbus_16_Solve   master.o
    0x08002ed4   0x08002ed4   0x00000058   Code   RO         1339    i.MotorControlEntry  freertos.o
    0x08002f2c   0x08002f2c   0x00000002   Code   RO         1529    i.NMI_Handler       stm32f1xx_it.o
    0x08002f2e   0x08002f2e   0x00000002   PAD
    0x08002f30   0x08002f30   0x000000e4   Code   RO         1085    i.RS485_RX_Service  master.o
    0x08003014   0x08003014   0x00000054   Code   RO         1086    i.RS485_SendData    master.o
    0x08003068   0x08003068   0x00000014   Code   RO         1087    i.RS485_TX_Service  master.o
    0x0800307c   0x0800307c   0x00000024   Code   RO         1340    i.SensorCommunicationEntry  freertos.o
    0x080030a0   0x080030a0   0x0000002c   Code   RO         5219    i.SysTick_Handler   port.o
    0x080030cc   0x080030cc   0x0000005e   Code   RO         1254    i.SystemClock_Config  main.o
    0x0800312a   0x0800312a   0x00000002   Code   RO         4018    i.SystemInit        system_stm32f1xx.o
    0x0800312c   0x0800312c   0x0000000c   Code   RO         1530    i.TIM1_UP_IRQHandler  stm32f1xx_it.o
    0x08003138   0x08003138   0x0000000c   Code   RO         1531    i.TIM2_IRQHandler   stm32f1xx_it.o
    0x08003144   0x08003144   0x0000008c   Code   RO         2782    i.TIM_Base_SetConfig  stm32f1xx_hal_tim.o
    0x080031d0   0x080031d0   0x00000014   Code   RO         2793    i.TIM_ETR_SetConfig  stm32f1xx_hal_tim.o
    0x080031e4   0x080031e4   0x00000010   Code   RO         2794    i.TIM_ITRx_SetConfig  stm32f1xx_hal_tim.o
    0x080031f4   0x080031f4   0x00000060   Code   RO         2795    i.TIM_OC1_SetConfig  stm32f1xx_hal_tim.o
    0x08003254   0x08003254   0x0000006c   Code   RO         2796    i.TIM_OC2_SetConfig  stm32f1xx_hal_tim.o
    0x080032c0   0x080032c0   0x00000068   Code   RO         2797    i.TIM_OC3_SetConfig  stm32f1xx_hal_tim.o
    0x08003328   0x08003328   0x00000050   Code   RO         2798    i.TIM_OC4_SetConfig  stm32f1xx_hal_tim.o
    0x08003378   0x08003378   0x00000022   Code   RO         2800    i.TIM_TI1_ConfigInputStage  stm32f1xx_hal_tim.o
    0x0800339a   0x0800339a   0x00000024   Code   RO         2802    i.TIM_TI2_ConfigInputStage  stm32f1xx_hal_tim.o
    0x080033be   0x080033be   0x00000010   Code   RO         3702    i.UART_DMAAbortOnError  stm32f1xx_hal_uart.o
    0x080033ce   0x080033ce   0x00000030   Code   RO         3712    i.UART_EndRxTransfer  stm32f1xx_hal_uart.o
    0x080033fe   0x080033fe   0x000000b6   Code   RO         3714    i.UART_Receive_IT   stm32f1xx_hal_uart.o
    0x080034b4   0x080034b4   0x000000b8   Code   RO         3715    i.UART_SetConfig    stm32f1xx_hal_uart.o
    0x0800356c   0x0800356c   0x00000036   Code   RO         3717    i.UART_Start_Receive_IT  stm32f1xx_hal_uart.o
    0x080035a2   0x080035a2   0x00000064   Code   RO         3718    i.UART_WaitOnFlagUntilTimeout  stm32f1xx_hal_uart.o
    0x08003606   0x08003606   0x00000002   PAD
    0x08003608   0x08003608   0x0000000c   Code   RO         1532    i.USART1_IRQHandler  stm32f1xx_it.o
    0x08003614   0x08003614   0x0000000c   Code   RO         1533    i.USART2_IRQHandler  stm32f1xx_it.o
    0x08003620   0x08003620   0x000000b8   Code   RO         1534    i.USART3_IRQHandler  stm32f1xx_it.o
    0x080036d8   0x080036d8   0x00000002   Code   RO         1535    i.UsageFault_Handler  stm32f1xx_it.o
    0x080036da   0x080036da   0x00000020   Code   RO         2200    i.__NVIC_SetPriority  stm32f1xx_hal_cortex.o
    0x080036fa   0x080036fa   0x0000000e   Code   RO         5418    i._is_digit         c_w.l(__printf_wp.o)
    0x08003708   0x08003708   0x0000006c   Code   RO         1255    i.fputc             main.o
    0x08003774   0x08003774   0x0000000c   Code   RO         4788    i.inHandlerMode     cmsis_os.o
    0x08003780   0x08003780   0x00000034   Code   RO         1256    i.main              main.o
    0x080037b4   0x080037b4   0x0000000c   Code   RO         4790    i.makeFreeRtosPriority  cmsis_os.o
    0x080037c0   0x080037c0   0x0000006c   Code   RO         1093    i.modbus_rtu        master.o
    0x0800382c   0x0800382c   0x0000000e   Code   RO         4792    i.osDelay           cmsis_os.o
    0x0800383a   0x0800383a   0x0000000a   Code   RO         4795    i.osKernelStart     cmsis_os.o
    0x08003844   0x08003844   0x00000026   Code   RO         4804    i.osMessageCreate   cmsis_os.o
    0x0800386a   0x0800386a   0x00000002   PAD
    0x0800386c   0x0800386c   0x00000094   Code   RO         4806    i.osMessageGet      cmsis_os.o
    0x08003900   0x08003900   0x0000005c   Code   RO         4808    i.osMessagePut      cmsis_os.o
    0x0800395c   0x0800395c   0x0000006a   Code   RO         4814    i.osPoolAlloc       cmsis_os.o
    0x080039c6   0x080039c6   0x0000005e   Code   RO         4816    i.osPoolCreate      cmsis_os.o
    0x08003a24   0x08003a24   0x00000030   Code   RO         4817    i.osPoolFree        cmsis_os.o
    0x08003a54   0x08003a54   0x0000005c   Code   RO         4826    i.osSignalSet       cmsis_os.o
    0x08003ab0   0x08003ab0   0x00000056   Code   RO         4827    i.osSignalWait      cmsis_os.o
    0x08003b06   0x08003b06   0x00000054   Code   RO         4829    i.osThreadCreate    cmsis_os.o
    0x08003b5a   0x08003b5a   0x00000002   PAD
    0x08003b5c   0x08003b5c   0x00000070   Code   RO         4487    i.prvAddCurrentTaskToDelayedList  tasks.o
    0x08003bcc   0x08003bcc   0x000000d0   Code   RO         4488    i.prvAddNewTaskToReadyList  tasks.o
    0x08003c9c   0x08003c9c   0x00000026   Code   RO         4184    i.prvCopyDataFromQueue  queue.o
    0x08003cc2   0x08003cc2   0x0000006c   Code   RO         4185    i.prvCopyDataToQueue  queue.o
    0x08003d2e   0x08003d2e   0x00000034   Code   RO         4489    i.prvDeleteTCB      tasks.o
    0x08003d62   0x08003d62   0x00000002   PAD
    0x08003d64   0x08003d64   0x00000048   Code   RO         5157    i.prvHeapInit       heap_4.o
    0x08003dac   0x08003dac   0x00000060   Code   RO         4490    i.prvIdleTask       tasks.o
    0x08003e0c   0x08003e0c   0x00000016   Code   RO         4187    i.prvInitialiseNewQueue  queue.o
    0x08003e22   0x08003e22   0x0000008e   Code   RO         4491    i.prvInitialiseNewTask  tasks.o
    0x08003eb0   0x08003eb0   0x0000004c   Code   RO         5158    i.prvInsertBlockIntoFreeList  heap_4.o
    0x08003efc   0x08003efc   0x0000001c   Code   RO         4188    i.prvIsQueueEmpty   queue.o
    0x08003f18   0x08003f18   0x00000020   Code   RO         4492    i.prvResetNextTaskUnblockTime  tasks.o
    0x08003f38   0x08003f38   0x00000028   Code   RO         5220    i.prvTaskExitError  port.o
    0x08003f60   0x08003f60   0x0000006a   Code   RO         4189    i.prvUnlockQueue    queue.o
    0x08003fca   0x08003fca   0x00000002   PAD
    0x08003fcc   0x08003fcc   0x000000d8   Code   RO         5159    i.pvPortMalloc      heap_4.o
    0x080040a4   0x080040a4   0x00000024   Code   RO         5221    i.pxPortInitialiseStack  port.o
    0x080040c8   0x080040c8   0x00000026   Code   RO         4147    i.uxListRemove      list.o
    0x080040ee   0x080040ee   0x00000002   PAD
    0x080040f0   0x080040f0   0x00000014   Code   RO         1341    i.vApplicationGetIdleTaskMemory  freertos.o
    0x08004104   0x08004104   0x00000016   Code   RO         4148    i.vListInitialise   list.o
    0x0800411a   0x0800411a   0x00000006   Code   RO         4149    i.vListInitialiseItem  list.o
    0x08004120   0x08004120   0x00000030   Code   RO         4150    i.vListInsert       list.o
    0x08004150   0x08004150   0x00000018   Code   RO         4151    i.vListInsertEnd    list.o
    0x08004168   0x08004168   0x00000040   Code   RO         5223    i.vPortEnterCritical  port.o
    0x080041a8   0x080041a8   0x00000028   Code   RO         5224    i.vPortExitCritical  port.o
    0x080041d0   0x080041d0   0x0000005c   Code   RO         5160    i.vPortFree         heap_4.o
    0x0800422c   0x0800422c   0x00000024   Code   RO         5225    i.vPortSetupTimerInterrupt  port.o
    0x08004250   0x08004250   0x00000054   Code   RO         5226    i.vPortValidateInterruptPriority  port.o
    0x080042a4   0x080042a4   0x0000004c   Code   RO         4500    i.vTaskDelay        tasks.o
    0x080042f0   0x080042f0   0x00000010   Code   RO         4503    i.vTaskInternalSetTimeOutState  tasks.o
    0x08004300   0x08004300   0x0000000c   Code   RO         4504    i.vTaskMissedYield  tasks.o
    0x0800430c   0x0800430c   0x00000030   Code   RO         4506    i.vTaskPlaceOnEventList  tasks.o
    0x0800433c   0x0800433c   0x0000006c   Code   RO         4513    i.vTaskStartScheduler  tasks.o
    0x080043a8   0x080043a8   0x00000010   Code   RO         4515    i.vTaskSuspendAll   tasks.o
    0x080043b8   0x080043b8   0x0000005c   Code   RO         4516    i.vTaskSwitchContext  tasks.o
    0x08004414   0x08004414   0x000000a8   Code   RO         5227    i.xPortStartScheduler  port.o
    0x080044bc   0x080044bc   0x00000048   Code   RO         4198    i.xQueueGenericCreate  queue.o
    0x08004504   0x08004504   0x00000066   Code   RO         4199    i.xQueueGenericCreateStatic  queue.o
    0x0800456a   0x0800456a   0x00000002   PAD
    0x0800456c   0x0800456c   0x00000088   Code   RO         4200    i.xQueueGenericReset  queue.o
    0x080045f4   0x080045f4   0x00000160   Code   RO         4201    i.xQueueGenericSend  queue.o
    0x08004754   0x08004754   0x000000bc   Code   RO         4202    i.xQueueGenericSendFromISR  queue.o
    0x08004810   0x08004810   0x00000138   Code   RO         4208    i.xQueueReceive     queue.o
    0x08004948   0x08004948   0x0000009a   Code   RO         4209    i.xQueueReceiveFromISR  queue.o
    0x080049e2   0x080049e2   0x00000002   PAD
    0x080049e4   0x080049e4   0x00000074   Code   RO         4517    i.xTaskCheckForTimeOut  tasks.o
    0x08004a58   0x08004a58   0x0000005a   Code   RO         4518    i.xTaskCreate       tasks.o
    0x08004ab2   0x08004ab2   0x00000056   Code   RO         4519    i.xTaskCreateStatic  tasks.o
    0x08004b08   0x08004b08   0x000000cc   Code   RO         4520    i.xTaskGenericNotify  tasks.o
    0x08004bd4   0x08004bd4   0x000000f0   Code   RO         4521    i.xTaskGenericNotifyFromISR  tasks.o
    0x08004cc4   0x08004cc4   0x0000001c   Code   RO         4523    i.xTaskGetSchedulerState  tasks.o
    0x08004ce0   0x08004ce0   0x000000c8   Code   RO         4526    i.xTaskIncrementTick  tasks.o
    0x08004da8   0x08004da8   0x0000008c   Code   RO         4528    i.xTaskNotifyWait   tasks.o
    0x08004e34   0x08004e34   0x00000098   Code   RO         4529    i.xTaskPriorityDisinherit  tasks.o
    0x08004ecc   0x08004ecc   0x00000074   Code   RO         4531    i.xTaskRemoveFromEventList  tasks.o
    0x08004f40   0x08004f40   0x000000c4   Code   RO         4532    i.xTaskResumeAll    tasks.o
    0x08005004   0x08005004   0x00000200   Data   RO         1097    .constdata          master.o
    0x08005204   0x08005204   0x000000ac   Data   RO         1343    .constdata          freertos.o
    0x080052b0   0x080052b0   0x00000010   Data   RO         4019    .constdata          system_stm32f1xx.o
    0x080052c0   0x080052c0   0x00000008   Data   RO         4020    .constdata          system_stm32f1xx.o
    0x080052c8   0x080052c8   0x00000028   Data   RO         5406    .constdata          c_w.l(_printf_hex_int_ll_ptr.o)
    0x080052f0   0x080052f0   0x00000011   Data   RO         5426    .constdata          c_w.l(__printf_flags_ss_wp.o)
    0x08005301   0x08005301   0x00000004   Data   RO         5777    .constdata          c_w.l(sys_io.o)
    0x08005305   0x08005305   0x00000004   Data   RO         5778    .constdata          c_w.l(sys_io.o)
    0x08005309   0x08005309   0x00000004   Data   RO         5779    .constdata          c_w.l(sys_io.o)
    0x0800530d   0x0800530d   0x00000003   PAD
    0x08005310   0x08005310   0x00000044   Data   RO         1344    .conststring        freertos.o
    0x08005354   0x08005354   0x00000020   Data   RO         5940    Region$$Table       anon$$obj.o


    Execution Region RW_IRAM1 (Exec base: 0x20000000, Load base: 0x08005374, Size: 0x00004158, Max: 0x00010000, ABSOLUTE)

    Exec Addr    Load Addr    Size         Type   Attr      Idx    E Section Name        Object

    0x20000000   0x08005374   0x00000001   Data   RW          967    .data               pb02.o
    0x20000001   0x08005375   0x00000001   PAD
    0x20000002   0x08005376   0x00000010   Data   RW         1101    .data               master.o
    0x20000012   0x08005386   0x00000002   PAD
    0x20000014   0x08005388   0x00000024   Data   RW         1345    .data               freertos.o
    0x20000038   0x080053ac   0x0000000c   Data   RW         1737    .data               stm32f1xx_hal.o
    0x20000044   0x080053b8   0x00000004   Data   RW         4021    .data               system_stm32f1xx.o
    0x20000048   0x080053bc   0x0000003c   Data   RW         4535    .data               tasks.o
    0x20000084   0x080053f8   0x00000018   Data   RW         5165    .data               heap_4.o
    0x2000009c   0x08005410   0x0000000c   Data   RW         5228    .data               port.o
    0x200000a8   0x0800541c   0x00000004   Data   RW         5580    .data               c_w.l(stdio_streams.o)
    0x200000ac   0x08005420   0x00000004   Data   RW         5581    .data               c_w.l(stdio_streams.o)
    0x200000b0   0x08005424   0x00000004   Data   RW         5582    .data               c_w.l(stdio_streams.o)
    0x200000b4        -       0x00000408   Zero   RW          966    .bss                pb02.o
    0x200004bc        -       0x00002068   Zero   RW         1095    .bss                master.o
    0x20002524        -       0x0000025c   Zero   RW         1342    .bss                freertos.o
    0x20002780        -       0x00000090   Zero   RW         1422    .bss                tim.o
    0x20002810        -       0x000000cc   Zero   RW         1476    .bss                usart.o
    0x200028dc        -       0x00000048   Zero   RW         1640    .bss                stm32f1xx_hal_timebase_tim.o
    0x20002924        -       0x000000f0   Zero   RW         4534    .bss                tasks.o
    0x20002a14        -       0x00000fe8   Zero   RW         5164    .bss                heap_4.o
    0x200039fc        -       0x00000054   Zero   RW         5577    .bss                c_w.l(stdio_streams.o)
    0x20003a50        -       0x00000054   Zero   RW         5578    .bss                c_w.l(stdio_streams.o)
    0x20003aa4        -       0x00000054   Zero   RW         5579    .bss                c_w.l(stdio_streams.o)
    0x20003af8        -       0x00000060   Zero   RW         5652    .bss                c_w.l(libspace.o)
    0x20003b58        -       0x00000200   Zero   RW            2    HEAP                startup_stm32f103xe.o
    0x20003d58        -       0x00000400   Zero   RW            1    STACK               startup_stm32f103xe.o


==============================================================================

Image component sizes


      Code (inc. data)   RO Data    RW Data    ZI Data      Debug   Object Name

         0          0          0          0          0     517864   bleconfig.o
         0          0          0          0          0        400   blemsg.o
       836         16          0          0          0      33148   cmsis_os.o
         0          0          0          0          0      16700   event_groups.o
       972        202        240         36        604       7513   freertos.o
       392         34          0          0          0       1159   gpio.o
       456         22          0         24       4072       7187   heap_4.o
       138          0          0          0          0       3358   list.o
       378         52          0          0          0       3446   main.o
       984        162        512         16       8296       8903   master.o
         0          0          0          1       1032       2907   pb02.o
       662         70          0         12          0      11069   port.o
      1618         14          0          0          0      14969   queue.o
        64         26        304          0       1536        804   startup_stm32f103xe.o
        64         14          0         12          0       5206   stm32f1xx_hal.o
       158         14          0          0          0      28158   stm32f1xx_hal_cortex.o
       374          8          0          0          0       1811   stm32f1xx_hal_dma.o
       514         42          0          0          0       2884   stm32f1xx_hal_gpio.o
        52          4          0          0          0        830   stm32f1xx_hal_msp.o
      1336        110          0          0          0       5765   stm32f1xx_hal_rcc.o
      1750         76          0          0          0      15049   stm32f1xx_hal_tim.o
       128         20          0          0          0       2341   stm32f1xx_hal_tim_ex.o
       140         22          0          0         72       1399   stm32f1xx_hal_timebase_tim.o
      1618         10          0          0          0      10083   stm32f1xx_hal_uart.o
       244         48          0          0          0       5539   stm32f1xx_it.o
         2          0         24          4          0       1095   system_stm32f1xx.o
      2578        192          0         60        240      25129   tasks.o
       416         36          0          0        144       2957   tim.o
       492         50          0          0        204       2972   usart.o

    ----------------------------------------------------------------------
     16406       1244       1112        168      16200     740645   Object Totals
         0          0         32          0          0          0   (incl. Generated)
        40          0          0          3          0          0   (incl. Padding)

    ----------------------------------------------------------------------

      Code (inc. data)   RO Data    RW Data    ZI Data      Debug   Library Member Name

        24          4          0          0          0         84   __2printf.o
         8          0          0          0          0         68   __main.o
       392          4         17          0          0         92   __printf_flags_ss_wp.o
        14          0          0          0          0         68   __printf_wp.o
         0          0          0          0          0          0   __rtentry.o
        12          0          0          0          0          0   __rtentry2.o
         6          0          0          0          0          0   __rtentry4.o
        52          8          0          0          0          0   __scatter.o
        26          0          0          0          0          0   __scatter_copy.o
        28          0          0          0          0          0   __scatter_zi.o
         6          0          0          0          0          0   _printf_c.o
        44          0          0          0          0        108   _printf_char.o
        48          6          0          0          0         96   _printf_char_common.o
        36          4          0          0          0         80   _printf_char_file.o
         6          0          0          0          0          0   _printf_d.o
       120         16          0          0          0         92   _printf_dec.o
       148          4         40          0          0        160   _printf_hex_int_ll_ptr.o
       178          0          0          0          0         88   _printf_intcommon.o
         0          0          0          0          0          0   _printf_percent.o
         4          0          0          0          0          0   _printf_percent_end.o
        82          0          0          0          0         80   _printf_str.o
         6          0          0          0          0          0   _printf_x.o
        10          0          0          0          0         68   defsig_exit.o
        50          0          0          0          0         88   defsig_general.o
        80         58          0          0          0         76   defsig_rtmem_inner.o
        14          0          0          0          0         80   defsig_rtmem_outer.o
        52         38          0          0          0         76   defsig_rtred_inner.o
        14          0          0          0          0         80   defsig_rtred_outer.o
        18          0          0          0          0         80   exit.o
        76          0          0          0          0         88   fclose.o
         8          0          0          0          0         68   ferror.o
       236          4          0          0          0        128   fopen.o
       248          6          0          0          0         84   fseek.o
        66          0          0          0          0         76   ftell.o
        94          0          0          0          0         80   h1_alloc.o
        52          0          0          0          0         68   h1_extend.o
        78          0          0          0          0         80   h1_free.o
        14          0          0          0          0         84   h1_init.o
         6          0          0          0          0        152   heapauxi.o
         4          0          0          0          0        136   hguard.o
         0          0          0          0          0          0   indicate_semi.o
       138          0          0          0          0        168   init_alloc.o
       312         46          0          0          0        112   initio.o
         2          0          0          0          0          0   libinit.o
        14          0          0          0          0          0   libinit2.o
         2          0          0          0          0          0   libshutdown.o
         6          0          0          0          0          0   libshutdown2.o
         8          4          0          0         96         68   libspace.o
         0          0          0          0          0          0   maybetermalloc1.o
         8          4          0          0          0         68   rt_errno_addr_intlibspace.o
         8          4          0          0          0         68   rt_heap_descriptor_intlibspace.o
        78          0          0          0          0         80   rt_memclr_w.o
       138          0          0          0          0         68   rt_memcpy_v6.o
       100          0          0          0          0         80   rt_memcpy_w.o
         2          0          0          0          0          0   rtexit.o
        10          0          0          0          0          0   rtexit2.o
        70          0          0          0          0         80   setvbuf.o
       240          6          0          0          0        156   stdio.o
         0          0          0         12        252          0   stdio_streams.o
        62          0          0          0          0         76   strlen.o
        12          4          0          0          0         68   sys_exit.o
       102          0         12          0          0        240   sys_io.o
        74          0          0          0          0         80   sys_stackheap_outer.o
        14          0          0          0          0         76   sys_wrch.o
         2          0          0          0          0         68   use_no_semi.o

    ----------------------------------------------------------------------
      3774        220         72         12        348       4164   Library Totals
        12          0          3          0          0          0   (incl. Padding)

    ----------------------------------------------------------------------

      Code (inc. data)   RO Data    RW Data    ZI Data      Debug   Library Name

      3762        220         69         12        348       4164   c_w.l

    ----------------------------------------------------------------------
      3774        220         72         12        348       4164   Library Totals

    ----------------------------------------------------------------------

==============================================================================


      Code (inc. data)   RO Data    RW Data    ZI Data      Debug   

     20180       1464       1184        180      16548     734145   Grand Totals
     20180       1464       1184        180      16548     734145   ELF Image Totals
     20180       1464       1184        180          0          0   ROM Totals

==============================================================================

    Total RO  Size (Code + RO Data)                21364 (  20.86kB)
    Total RW  Size (RW Data + ZI Data)             16728 (  16.34kB)
    Total ROM Size (Code + RO Data + RW Data)      21544 (  21.04kB)

==============================================================================

